Archive member included to satisfy reference by file (symbol)

c:/program files (x86)/atmel/studio/7.0/toolchain/avr8/avr8-gnu-toolchain/bin/../lib/gcc/avr/4.9.2/avr35\libgcc.a(_exit.o)
                              c:/program files (x86)/atmel/studio/7.0/toolchain/avr8/avr8-gnu-toolchain/bin/../lib/gcc/avr/4.9.2/../../../../avr/lib/avr35/crtat90usb162.o (exit)
c:/program files (x86)/atmel/studio/7.0/toolchain/avr8/avr8-gnu-toolchain/bin/../lib/gcc/avr/4.9.2/avr35\libgcc.a(_tablejump2.o)
                              default/usb_standard_request.o (__tablejump2__)
c:/program files (x86)/atmel/studio/7.0/toolchain/avr8/avr8-gnu-toolchain/bin/../lib/gcc/avr/4.9.2/avr35\libgcc.a(_copy_data.o)
                              default/hid_task.o (__do_copy_data)
c:/program files (x86)/atmel/studio/7.0/toolchain/avr8/avr8-gnu-toolchain/bin/../lib/gcc/avr/4.9.2/avr35\libgcc.a(_clear_bss.o)
                              default/hid_task.o (__do_clear_bss)

Allocating common symbols
Common symbol       size              file

endpoint_status     0x7               default/usb_standard_request.o
buferis             0x40              default/hid_task.o
USBbuff             0x40              default/hid_task.o
delay_usb           0x2               default/usb_task.o
usb_configuration_nb
                    0x1               default/usb_standard_request.o
data_to_transfer    0x1               default/usb_standard_request.o
pbuffer             0x2               default/usb_standard_request.o

Discarded input sections

 .data          0x00000000        0x0 c:/program files (x86)/atmel/studio/7.0/toolchain/avr8/avr8-gnu-toolchain/bin/../lib/gcc/avr/4.9.2/../../../../avr/lib/avr35/crtat90usb162.o
 .bss           0x00000000        0x0 c:/program files (x86)/atmel/studio/7.0/toolchain/avr8/avr8-gnu-toolchain/bin/../lib/gcc/avr/4.9.2/../../../../avr/lib/avr35/crtat90usb162.o
 .text          0x00000000        0x0 default/wdt_drv.o
 .data          0x00000000        0x0 default/wdt_drv.o
 .bss           0x00000000        0x0 default/wdt_drv.o
 .text.wdtdrv_interrupt_enable
                0x00000000       0x32 default/wdt_drv.o
 .text.wdtdrv_interrupt_reset_enable
                0x00000000       0x34 default/wdt_drv.o
 .text          0x00000000        0x0 default/scheduler.o
 .data          0x00000000        0x0 default/scheduler.o
 .bss           0x00000000        0x0 default/scheduler.o
 .text.scheduler_empty_fct
                0x00000000        0x2 default/scheduler.o
 .text          0x00000000        0x0 default/main.o
 .data          0x00000000        0x0 default/main.o
 .bss           0x00000000        0x0 default/main.o
 .text          0x00000000        0x0 default/spi_drv.o
 .data          0x00000000        0x0 default/spi_drv.o
 .bss           0x00000000        0x0 default/spi_drv.o
 .text.SPI_MasterRead
                0x00000000        0xc default/spi_drv.o
 .text          0x00000000        0x0 default/RFmodule.o
 .data          0x00000000        0x0 default/RFmodule.o
 .bss           0x00000000        0x0 default/RFmodule.o
 .text          0x00000000        0x0 default/power_drv.o
 .data          0x00000000        0x0 default/power_drv.o
 .bss           0x00000000        0x0 default/power_drv.o
 .text.set_power_down_mode
                0x00000000        0xc default/power_drv.o
 .text.set_idle_mode
                0x00000000        0xc default/power_drv.o
 .text.set_adc_noise_reduction_mode
                0x00000000        0xc default/power_drv.o
 .text.set_power_save_mode
                0x00000000        0xc default/power_drv.o
 .text.set_standby_mode
                0x00000000        0xc default/power_drv.o
 .text.set_ext_standby_mode
                0x00000000        0xc default/power_drv.o
 .text.Clock_switch_external
                0x00000000       0x28 default/power_drv.o
 .text.Clock_switch_internal
                0x00000000       0x28 default/power_drv.o
 .debug_info    0x00000000      0x140 default/power_drv.o
 .debug_abbrev  0x00000000       0x51 default/power_drv.o
 .debug_aranges
                0x00000000       0x58 default/power_drv.o
 .debug_ranges  0x00000000       0x48 default/power_drv.o
 .debug_line    0x00000000      0x135 default/power_drv.o
 .debug_str     0x00000000      0x205 default/power_drv.o
 .comment       0x00000000       0x31 default/power_drv.o
 .debug_frame   0x00000000       0x94 default/power_drv.o
 .text          0x00000000        0x0 default/hid_task.o
 .data          0x00000000        0x1 default/hid_task.o
 .text.DATA_RECEIVED
                0x00000000        0x2 default/hid_task.o
 .rodata        0x00000000        0x4 default/hid_task.o
 .text          0x00000000        0x0 default/start_boot.o
 .bss           0x00000000        0x0 default/start_boot.o
 .text.goto_boot
                0x00000000        0xa default/start_boot.o
 .text          0x00000000        0x0 default/usb_descriptors.o
 .bss           0x00000000        0x0 default/usb_descriptors.o
 .text          0x00000000        0x0 default/usb_device_task.o
 .data          0x00000000        0x0 default/usb_device_task.o
 .text          0x00000000        0x0 default/usb_drv.o
 .data          0x00000000        0x0 default/usb_drv.o
 .bss           0x00000000        0x0 default/usb_drv.o
 .text.usb_select_enpoint_interrupt
                0x00000000       0x1c default/usb_drv.o
 .text.usb_halt_endpoint
                0x00000000       0x10 default/usb_drv.o
 .text          0x00000000        0x0 default/usb_specific_request.o
 .data          0x00000000        0x0 default/usb_specific_request.o
 .text          0x00000000        0x0 default/usb_standard_request.o
 .data          0x00000000        0x0 default/usb_standard_request.o
 .text.usb_generate_remote_wakeup
                0x00000000       0x36 default/usb_standard_request.o
 .text          0x00000000        0x0 default/usb_task.o
 .data          0x00000000        0x0 default/usb_task.o
 .text          0x00000000        0x0 c:/program files (x86)/atmel/studio/7.0/toolchain/avr8/avr8-gnu-toolchain/bin/../lib/gcc/avr/4.9.2/avr35\libgcc.a(_exit.o)
 .data          0x00000000        0x0 c:/program files (x86)/atmel/studio/7.0/toolchain/avr8/avr8-gnu-toolchain/bin/../lib/gcc/avr/4.9.2/avr35\libgcc.a(_exit.o)
 .bss           0x00000000        0x0 c:/program files (x86)/atmel/studio/7.0/toolchain/avr8/avr8-gnu-toolchain/bin/../lib/gcc/avr/4.9.2/avr35\libgcc.a(_exit.o)
 .text.libgcc.mul
                0x00000000        0x0 c:/program files (x86)/atmel/studio/7.0/toolchain/avr8/avr8-gnu-toolchain/bin/../lib/gcc/avr/4.9.2/avr35\libgcc.a(_exit.o)
 .text.libgcc.div
                0x00000000        0x0 c:/program files (x86)/atmel/studio/7.0/toolchain/avr8/avr8-gnu-toolchain/bin/../lib/gcc/avr/4.9.2/avr35\libgcc.a(_exit.o)
 .text.libgcc   0x00000000        0x0 c:/program files (x86)/atmel/studio/7.0/toolchain/avr8/avr8-gnu-toolchain/bin/../lib/gcc/avr/4.9.2/avr35\libgcc.a(_exit.o)
 .text.libgcc.prologue
                0x00000000        0x0 c:/program files (x86)/atmel/studio/7.0/toolchain/avr8/avr8-gnu-toolchain/bin/../lib/gcc/avr/4.9.2/avr35\libgcc.a(_exit.o)
 .text.libgcc.builtins
                0x00000000        0x0 c:/program files (x86)/atmel/studio/7.0/toolchain/avr8/avr8-gnu-toolchain/bin/../lib/gcc/avr/4.9.2/avr35\libgcc.a(_exit.o)
 .text.libgcc.fmul
                0x00000000        0x0 c:/program files (x86)/atmel/studio/7.0/toolchain/avr8/avr8-gnu-toolchain/bin/../lib/gcc/avr/4.9.2/avr35\libgcc.a(_exit.o)
 .text.libgcc.fixed
                0x00000000        0x0 c:/program files (x86)/atmel/studio/7.0/toolchain/avr8/avr8-gnu-toolchain/bin/../lib/gcc/avr/4.9.2/avr35\libgcc.a(_exit.o)
 .text          0x00000000        0x0 c:/program files (x86)/atmel/studio/7.0/toolchain/avr8/avr8-gnu-toolchain/bin/../lib/gcc/avr/4.9.2/avr35\libgcc.a(_tablejump2.o)
 .data          0x00000000        0x0 c:/program files (x86)/atmel/studio/7.0/toolchain/avr8/avr8-gnu-toolchain/bin/../lib/gcc/avr/4.9.2/avr35\libgcc.a(_tablejump2.o)
 .bss           0x00000000        0x0 c:/program files (x86)/atmel/studio/7.0/toolchain/avr8/avr8-gnu-toolchain/bin/../lib/gcc/avr/4.9.2/avr35\libgcc.a(_tablejump2.o)
 .text.libgcc.mul
                0x00000000        0x0 c:/program files (x86)/atmel/studio/7.0/toolchain/avr8/avr8-gnu-toolchain/bin/../lib/gcc/avr/4.9.2/avr35\libgcc.a(_tablejump2.o)
 .text.libgcc.div
                0x00000000        0x0 c:/program files (x86)/atmel/studio/7.0/toolchain/avr8/avr8-gnu-toolchain/bin/../lib/gcc/avr/4.9.2/avr35\libgcc.a(_tablejump2.o)
 .text.libgcc.prologue
                0x00000000        0x0 c:/program files (x86)/atmel/studio/7.0/toolchain/avr8/avr8-gnu-toolchain/bin/../lib/gcc/avr/4.9.2/avr35\libgcc.a(_tablejump2.o)
 .text.libgcc.builtins
                0x00000000        0x0 c:/program files (x86)/atmel/studio/7.0/toolchain/avr8/avr8-gnu-toolchain/bin/../lib/gcc/avr/4.9.2/avr35\libgcc.a(_tablejump2.o)
 .text.libgcc.fmul
                0x00000000        0x0 c:/program files (x86)/atmel/studio/7.0/toolchain/avr8/avr8-gnu-toolchain/bin/../lib/gcc/avr/4.9.2/avr35\libgcc.a(_tablejump2.o)
 .text.libgcc.fixed
                0x00000000        0x0 c:/program files (x86)/atmel/studio/7.0/toolchain/avr8/avr8-gnu-toolchain/bin/../lib/gcc/avr/4.9.2/avr35\libgcc.a(_tablejump2.o)
 .text          0x00000000        0x0 c:/program files (x86)/atmel/studio/7.0/toolchain/avr8/avr8-gnu-toolchain/bin/../lib/gcc/avr/4.9.2/avr35\libgcc.a(_copy_data.o)
 .data          0x00000000        0x0 c:/program files (x86)/atmel/studio/7.0/toolchain/avr8/avr8-gnu-toolchain/bin/../lib/gcc/avr/4.9.2/avr35\libgcc.a(_copy_data.o)
 .bss           0x00000000        0x0 c:/program files (x86)/atmel/studio/7.0/toolchain/avr8/avr8-gnu-toolchain/bin/../lib/gcc/avr/4.9.2/avr35\libgcc.a(_copy_data.o)
 .text.libgcc.mul
                0x00000000        0x0 c:/program files (x86)/atmel/studio/7.0/toolchain/avr8/avr8-gnu-toolchain/bin/../lib/gcc/avr/4.9.2/avr35\libgcc.a(_copy_data.o)
 .text.libgcc.div
                0x00000000        0x0 c:/program files (x86)/atmel/studio/7.0/toolchain/avr8/avr8-gnu-toolchain/bin/../lib/gcc/avr/4.9.2/avr35\libgcc.a(_copy_data.o)
 .text.libgcc   0x00000000        0x0 c:/program files (x86)/atmel/studio/7.0/toolchain/avr8/avr8-gnu-toolchain/bin/../lib/gcc/avr/4.9.2/avr35\libgcc.a(_copy_data.o)
 .text.libgcc.prologue
                0x00000000        0x0 c:/program files (x86)/atmel/studio/7.0/toolchain/avr8/avr8-gnu-toolchain/bin/../lib/gcc/avr/4.9.2/avr35\libgcc.a(_copy_data.o)
 .text.libgcc.builtins
                0x00000000        0x0 c:/program files (x86)/atmel/studio/7.0/toolchain/avr8/avr8-gnu-toolchain/bin/../lib/gcc/avr/4.9.2/avr35\libgcc.a(_copy_data.o)
 .text.libgcc.fmul
                0x00000000        0x0 c:/program files (x86)/atmel/studio/7.0/toolchain/avr8/avr8-gnu-toolchain/bin/../lib/gcc/avr/4.9.2/avr35\libgcc.a(_copy_data.o)
 .text.libgcc.fixed
                0x00000000        0x0 c:/program files (x86)/atmel/studio/7.0/toolchain/avr8/avr8-gnu-toolchain/bin/../lib/gcc/avr/4.9.2/avr35\libgcc.a(_copy_data.o)
 .text          0x00000000        0x0 c:/program files (x86)/atmel/studio/7.0/toolchain/avr8/avr8-gnu-toolchain/bin/../lib/gcc/avr/4.9.2/avr35\libgcc.a(_clear_bss.o)
 .data          0x00000000        0x0 c:/program files (x86)/atmel/studio/7.0/toolchain/avr8/avr8-gnu-toolchain/bin/../lib/gcc/avr/4.9.2/avr35\libgcc.a(_clear_bss.o)
 .bss           0x00000000        0x0 c:/program files (x86)/atmel/studio/7.0/toolchain/avr8/avr8-gnu-toolchain/bin/../lib/gcc/avr/4.9.2/avr35\libgcc.a(_clear_bss.o)
 .text.libgcc.mul
                0x00000000        0x0 c:/program files (x86)/atmel/studio/7.0/toolchain/avr8/avr8-gnu-toolchain/bin/../lib/gcc/avr/4.9.2/avr35\libgcc.a(_clear_bss.o)
 .text.libgcc.div
                0x00000000        0x0 c:/program files (x86)/atmel/studio/7.0/toolchain/avr8/avr8-gnu-toolchain/bin/../lib/gcc/avr/4.9.2/avr35\libgcc.a(_clear_bss.o)
 .text.libgcc   0x00000000        0x0 c:/program files (x86)/atmel/studio/7.0/toolchain/avr8/avr8-gnu-toolchain/bin/../lib/gcc/avr/4.9.2/avr35\libgcc.a(_clear_bss.o)
 .text.libgcc.prologue
                0x00000000        0x0 c:/program files (x86)/atmel/studio/7.0/toolchain/avr8/avr8-gnu-toolchain/bin/../lib/gcc/avr/4.9.2/avr35\libgcc.a(_clear_bss.o)
 .text.libgcc.builtins
                0x00000000        0x0 c:/program files (x86)/atmel/studio/7.0/toolchain/avr8/avr8-gnu-toolchain/bin/../lib/gcc/avr/4.9.2/avr35\libgcc.a(_clear_bss.o)
 .text.libgcc.fmul
                0x00000000        0x0 c:/program files (x86)/atmel/studio/7.0/toolchain/avr8/avr8-gnu-toolchain/bin/../lib/gcc/avr/4.9.2/avr35\libgcc.a(_clear_bss.o)
 .text.libgcc.fixed
                0x00000000        0x0 c:/program files (x86)/atmel/studio/7.0/toolchain/avr8/avr8-gnu-toolchain/bin/../lib/gcc/avr/4.9.2/avr35\libgcc.a(_clear_bss.o)

Memory Configuration

Name             Origin             Length             Attributes
text             0x00000000         0x00010000         xr
data             0x00800060         0x0000ffa0         rw !x
eeprom           0x00810000         0x00010000         rw !x
fuse             0x00820000         0x00000400         rw !x
lock             0x00830000         0x00000400         rw !x
signature        0x00840000         0x00000400         rw !x
user_signatures  0x00850000         0x00000400         rw !x
*default*        0x00000000         0xffffffff

Linker script and memory map

Address of section .data set to 0x800100
LOAD c:/program files (x86)/atmel/studio/7.0/toolchain/avr8/avr8-gnu-toolchain/bin/../lib/gcc/avr/4.9.2/../../../../avr/lib/avr35/crtat90usb162.o
LOAD default/wdt_drv.o
LOAD default/scheduler.o
LOAD default/main.o
LOAD default/spi_drv.o
LOAD default/RFmodule.o
LOAD default/power_drv.o
LOAD default/hid_task.o
LOAD default/start_boot.o
LOAD default/usb_descriptors.o
LOAD default/usb_device_task.o
LOAD default/usb_drv.o
LOAD default/usb_specific_request.o
LOAD default/usb_standard_request.o
LOAD default/usb_task.o
START GROUP
LOAD c:/program files (x86)/atmel/studio/7.0/toolchain/avr8/avr8-gnu-toolchain/bin/../lib/gcc/avr/4.9.2/avr35\libgcc.a
LOAD c:/program files (x86)/atmel/studio/7.0/toolchain/avr8/avr8-gnu-toolchain/bin/../lib/gcc/avr/4.9.2/../../../../avr/lib/avr35\libm.a
LOAD c:/program files (x86)/atmel/studio/7.0/toolchain/avr8/avr8-gnu-toolchain/bin/../lib/gcc/avr/4.9.2/../../../../avr/lib/avr35\libc.a
LOAD c:/program files (x86)/atmel/studio/7.0/toolchain/avr8/avr8-gnu-toolchain/bin/../lib/gcc/avr/4.9.2/../../../../avr/lib/avr35\libat90usb162.a
END GROUP

.hash
 *(.hash)

.dynsym
 *(.dynsym)

.dynstr
 *(.dynstr)

.gnu.version
 *(.gnu.version)

.gnu.version_d
 *(.gnu.version_d)

.gnu.version_r
 *(.gnu.version_r)

.rel.init
 *(.rel.init)

.rela.init
 *(.rela.init)

.rel.text
 *(.rel.text)
 *(.rel.text.*)
 *(.rel.gnu.linkonce.t*)

.rela.text
 *(.rela.text)
 *(.rela.text.*)
 *(.rela.gnu.linkonce.t*)

.rel.fini
 *(.rel.fini)

.rela.fini
 *(.rela.fini)

.rel.rodata
 *(.rel.rodata)
 *(.rel.rodata.*)
 *(.rel.gnu.linkonce.r*)

.rela.rodata
 *(.rela.rodata)
 *(.rela.rodata.*)
 *(.rela.gnu.linkonce.r*)

.rel.data
 *(.rel.data)
 *(.rel.data.*)
 *(.rel.gnu.linkonce.d*)

.rela.data
 *(.rela.data)
 *(.rela.data.*)
 *(.rela.gnu.linkonce.d*)

.rel.ctors
 *(.rel.ctors)

.rela.ctors
 *(.rela.ctors)

.rel.dtors
 *(.rel.dtors)

.rela.dtors
 *(.rela.dtors)

.rel.got
 *(.rel.got)

.rela.got
 *(.rela.got)

.rel.bss
 *(.rel.bss)

.rela.bss
 *(.rela.bss)

.rel.plt
 *(.rel.plt)

.rela.plt
 *(.rela.plt)

.text           0x00000000     0x105e
 *(.vectors)
 .vectors       0x00000000       0x74 c:/program files (x86)/atmel/studio/7.0/toolchain/avr8/avr8-gnu-toolchain/bin/../lib/gcc/avr/4.9.2/../../../../avr/lib/avr35/crtat90usb162.o
                0x00000000                __vector_default
                0x00000000                __vectors
 *(.vectors)
 *(.progmem.gcc*)
 .progmem.gcc_sw_table.usb_process_request
                0x00000074       0x18 default/usb_standard_request.o
                0x0000008c                . = ALIGN (0x2)
                0x0000008c                __trampolines_start = .
 *(.trampolines)
 .trampolines   0x0000008c        0x0 linker stubs
 *(.trampolines*)
                0x0000008c                __trampolines_end = .
 *(.progmem*)
                0x0000008c                . = ALIGN (0x2)
 *(.jumptables)
 *(.jumptables*)
 *(.lowtext)
 *(.lowtext*)
                0x0000008c                __ctors_start = .
 *(.ctors)
                0x0000008c                __ctors_end = .
                0x0000008c                __dtors_start = .
 *(.dtors)
                0x0000008c                __dtors_end = .
 SORT(*)(.ctors)
 SORT(*)(.dtors)
 *(.init0)
 .init0         0x0000008c        0x0 c:/program files (x86)/atmel/studio/7.0/toolchain/avr8/avr8-gnu-toolchain/bin/../lib/gcc/avr/4.9.2/../../../../avr/lib/avr35/crtat90usb162.o
                0x0000008c                __init
 *(.init0)
 *(.init1)
 *(.init1)
 *(.init2)
 .init2         0x0000008c        0xc c:/program files (x86)/atmel/studio/7.0/toolchain/avr8/avr8-gnu-toolchain/bin/../lib/gcc/avr/4.9.2/../../../../avr/lib/avr35/crtat90usb162.o
 *(.init2)
 *(.init3)
 .init3         0x00000098        0x2 default/main.o
                0x00000098                __low_level_init
 *(.init3)
 *(.init4)
 .init4         0x0000009a       0x16 c:/program files (x86)/atmel/studio/7.0/toolchain/avr8/avr8-gnu-toolchain/bin/../lib/gcc/avr/4.9.2/avr35\libgcc.a(_copy_data.o)
                0x0000009a                __do_copy_data
 .init4         0x000000b0       0x10 c:/program files (x86)/atmel/studio/7.0/toolchain/avr8/avr8-gnu-toolchain/bin/../lib/gcc/avr/4.9.2/avr35\libgcc.a(_clear_bss.o)
                0x000000b0                __do_clear_bss
 *(.init4)
 *(.init5)
 *(.init5)
 *(.init6)
 *(.init6)
 *(.init7)
 *(.init7)
 *(.init8)
 *(.init8)
 *(.init9)
 .init9         0x000000c0        0x4 c:/program files (x86)/atmel/studio/7.0/toolchain/avr8/avr8-gnu-toolchain/bin/../lib/gcc/avr/4.9.2/../../../../avr/lib/avr35/crtat90usb162.o
 *(.init9)
 *(.text)
 .text          0x000000c4        0x2 c:/program files (x86)/atmel/studio/7.0/toolchain/avr8/avr8-gnu-toolchain/bin/../lib/gcc/avr/4.9.2/../../../../avr/lib/avr35/crtat90usb162.o
                0x000000c4                __vector_22
                0x000000c4                __vector_28
                0x000000c4                __vector_1
                0x000000c4                __vector_24
                0x000000c4                __vector_12
                0x000000c4                __bad_interrupt
                0x000000c4                __vector_6
                0x000000c4                __vector_3
                0x000000c4                __vector_23
                0x000000c4                __vector_25
                0x000000c4                __vector_13
                0x000000c4                __vector_17
                0x000000c4                __vector_19
                0x000000c4                __vector_7
                0x000000c4                __vector_27
                0x000000c4                __vector_5
                0x000000c4                __vector_4
                0x000000c4                __vector_9
                0x000000c4                __vector_2
                0x000000c4                __vector_15
                0x000000c4                __vector_8
                0x000000c4                __vector_26
                0x000000c4                __vector_14
                0x000000c4                __vector_10
                0x000000c4                __vector_16
                0x000000c4                __vector_18
                0x000000c4                __vector_20
                0x000000c6                . = ALIGN (0x2)
 *(.text.*)
 .text.wdtdrv_disable
                0x000000c6       0x26 default/wdt_drv.o
                0x000000c6                wdtdrv_disable
 .text.wdtdrv_enable
                0x000000ec       0x32 default/wdt_drv.o
                0x000000ec                wdtdrv_enable
 .text.scheduler_init
                0x0000011e        0x4 default/scheduler.o
                0x0000011e                scheduler_init
 .text.scheduler_tasks
                0x00000122        0x6 default/scheduler.o
                0x00000122                scheduler_tasks
 .text.scheduler
                0x00000128        0x4 default/scheduler.o
                0x00000128                scheduler
 .text.startup.main
                0x0000012c       0x2e default/main.o
                0x0000012c                main
 .text.Init_SPI
                0x0000015a       0x10 default/spi_drv.o
                0x0000015a                Init_SPI
 .text.SPI_Transmit
                0x0000016a        0xc default/spi_drv.o
                0x0000016a                SPI_Transmit
 .text.SPI_SendBuff
                0x00000176       0x4c default/spi_drv.o
                0x00000176                SPI_SendBuff
 .text.WriteCMD
                0x000001c2       0x2c default/RFmodule.o
                0x000001c2                WriteCMD
 .text.RFM01_init
                0x000001ee       0x24 default/RFmodule.o
                0x000001ee                RFM01_init
 .text.RMFM12_ReadFIFO
                0x00000212       0x2a default/RFmodule.o
                0x00000212                RMFM12_ReadFIFO
 .text.delay_ms
                0x0000023c       0x18 default/hid_task.o
                0x0000023c                delay_ms
 .text.__vector_21
                0x00000254       0x56 default/hid_task.o
                0x00000254                __vector_21
 .text.hid_task_init
                0x000002aa       0x30 default/hid_task.o
                0x000002aa                hid_task_init
 .text.USB_Read
                0x000002da       0x96 default/hid_task.o
                0x000002da                USB_Read
 .text.USB_Send
                0x00000370       0x34 default/hid_task.o
                0x00000370                USB_Send
 .text.UI_task  0x000003a4       0x48 default/hid_task.o
                0x000003a4                UI_task
 .text.hid_task
                0x000003ec       0x14 default/hid_task.o
                0x000003ec                hid_task
 .text.start_boot
                0x00000400       0x1e default/start_boot.o
                0x00000400                start_boot
 .text.start_boot_if_required
                0x0000041e       0x36 default/start_boot.o
                0x0000041e                start_boot_if_required
 .text.usb_device_task_init
                0x00000454       0x12 default/usb_device_task.o
                0x00000454                usb_device_task_init
 .text.usb_start_device
                0x00000466       0x4c default/usb_device_task.o
                0x00000466                usb_start_device
 .text.usb_device_task
                0x000004b2       0x4a default/usb_device_task.o
                0x000004b2                usb_device_task
 .text.usb_config_ep
                0x000004fc       0x2c default/usb_drv.o
                0x000004fc                usb_config_ep
 .text.usb_send_packet
                0x00000528       0x22 default/usb_drv.o
                0x00000528                usb_send_packet
 .text.usb_read_packet
                0x0000054a       0x22 default/usb_drv.o
                0x0000054a                usb_read_packet
 .text.usb_init_device
                0x0000056c       0x1a default/usb_drv.o
                0x0000056c                usb_init_device
 .text.usb_user_endpoint_init
                0x00000586       0x20 default/usb_specific_request.o
                0x00000586                usb_user_endpoint_init
 .text.usb_user_interface_get
                0x000005a6        0x4 default/usb_specific_request.o
                0x000005a6                usb_user_interface_get
 .text.usb_user_interface_reset
                0x000005aa       0x4c default/usb_specific_request.o
                0x000005aa                usb_user_interface_reset
 .text.usb_user_get_descriptor
                0x000005f6       0x40 default/usb_specific_request.o
                0x000005f6                usb_user_get_descriptor
 .text.hid_get_report_descriptor
                0x00000636      0x104 default/usb_specific_request.o
                0x00000636                hid_get_report_descriptor
 .text.usb_hid_set_report_ouput
                0x0000073a       0x3c default/usb_specific_request.o
                0x0000073a                usb_hid_set_report_ouput
 .text.usb_hid_set_idle
                0x00000776       0x40 default/usb_specific_request.o
                0x00000776                usb_hid_set_idle
 .text.usb_hid_get_idle
                0x000007b6       0x72 default/usb_specific_request.o
                0x000007b6                usb_hid_get_idle
 .text.usb_hid_set_report_feature
                0x00000828       0x6a default/usb_specific_request.o
                0x00000828                usb_hid_set_report_feature
 .text.hid_get_hid_descriptor
                0x00000892      0x104 default/usb_specific_request.o
                0x00000892                hid_get_hid_descriptor
 .text.usb_user_read_request
                0x00000996       0x56 default/usb_specific_request.o
                0x00000996                usb_user_read_request
 .text.usb_process_request
                0x000009ec      0x41a default/usb_standard_request.o
                0x000009ec                usb_process_request
 .text.usb_task_init
                0x00000e06        0x2 default/usb_task.o
                0x00000e06                usb_task_init
 .text.usb_task
                0x00000e08        0x2 default/usb_task.o
                0x00000e08                usb_task
 .text.usb_delay_ms
                0x00000e0a       0x36 default/usb_task.o
                0x00000e0a                usb_delay_ms
 .text.__vector_11
                0x00000e40      0x20e default/usb_task.o
                0x00000e40                __vector_11
 .text.libgcc   0x0000104e        0xc c:/program files (x86)/atmel/studio/7.0/toolchain/avr8/avr8-gnu-toolchain/bin/../lib/gcc/avr/4.9.2/avr35\libgcc.a(_tablejump2.o)
                0x0000104e                __tablejump2__
                0x0000105a                . = ALIGN (0x2)
 *(.fini9)
 .fini9         0x0000105a        0x0 c:/program files (x86)/atmel/studio/7.0/toolchain/avr8/avr8-gnu-toolchain/bin/../lib/gcc/avr/4.9.2/avr35\libgcc.a(_exit.o)
                0x0000105a                _exit
                0x0000105a                exit
 *(.fini9)
 *(.fini8)
 *(.fini8)
 *(.fini7)
 *(.fini7)
 *(.fini6)
 *(.fini6)
 *(.fini5)
 *(.fini5)
 *(.fini4)
 *(.fini4)
 *(.fini3)
 *(.fini3)
 *(.fini2)
 *(.fini2)
 *(.fini1)
 *(.fini1)
 *(.fini0)
 .fini0         0x0000105a        0x4 c:/program files (x86)/atmel/studio/7.0/toolchain/avr8/avr8-gnu-toolchain/bin/../lib/gcc/avr/4.9.2/avr35\libgcc.a(_exit.o)
 *(.fini0)
                0x0000105e                _etext = .

.data           0x00800100       0xb0 load address 0x0000105e
                0x00800100                PROVIDE (__data_start, .)
 *(.data)
 .data          0x00800100        0x2 default/start_boot.o
                0x00800100                start_bootloader
 .data          0x00800102       0xae default/usb_descriptors.o
                0x00800102                usb_hid_report_descriptor
                0x00800137                usb_user_language_id
                0x0080013b                usb_user_product_string_descriptor
                0x00800165                usb_user_manufacturer_string_descriptor
                0x00800175                usb_conf_desc
                0x0080019e                usb_dev_desc
 *(.data*)
 *(.rodata)
 *(.rodata*)
 *(.gnu.linkonce.d*)
                0x008001b0                . = ALIGN (0x2)
                0x008001b0                _edata = .
                0x008001b0                PROVIDE (__data_end, .)

.bss            0x008001b0       0x99
                0x008001b0                PROVIDE (__bss_start, .)
 *(.bss)
 .bss           0x008001b0        0x4 default/hid_task.o
                0x008001b0                cold
                0x008001b2                cpt_sof
 .bss           0x008001b4        0x2 default/usb_device_task.o
                0x008001b4                usb_suspended
                0x008001b5                usb_connected
 .bss           0x008001b6        0x2 default/usb_specific_request.o
                0x008001b6                g_u8_report_rate
                0x008001b7                jump_bootloader
 .bss           0x008001b8        0x2 default/usb_standard_request.o
                0x008001b8                device_status
                0x008001b9                remote_wakeup_feature
 .bss           0x008001ba        0x2 default/usb_task.o
                0x008001ba                g_usb_event
 *(.bss*)
 *(COMMON)
 COMMON         0x008001bc       0x80 default/hid_task.o
                0x008001bc                buferis
                0x008001fc                USBbuff
 COMMON         0x0080023c        0xb default/usb_standard_request.o
                0x0080023c                endpoint_status
                0x00800243                usb_configuration_nb
                0x00800244                data_to_transfer
                0x00800245                pbuffer
 COMMON         0x00800247        0x2 default/usb_task.o
                0x00800247                delay_usb
                0x00800249                PROVIDE (__bss_end, .)
                0x0000105e                __data_load_start = LOADADDR (.data)
                0x0000110e                __data_load_end = (__data_load_start + SIZEOF (.data))

.noinit         0x00800249        0x4
                0x00800249                PROVIDE (__noinit_start, .)
 *(.noinit*)
 .noinit        0x00800249        0x4 default/start_boot.o
                0x00800249                boot_key
                0x0080024d                PROVIDE (__noinit_end, .)
                0x0080024d                _end = .
                0x0080024d                PROVIDE (__heap_start, .)

.eeprom         0x00810000        0x0
 *(.eeprom*)
                0x00810000                __eeprom_end = .

.fuse
 *(.fuse)
 *(.lfuse)
 *(.hfuse)
 *(.efuse)

.lock
 *(.lock*)

.signature
 *(.signature*)

.user_signatures
 *(.user_signatures*)

.stab
 *(.stab)

.stabstr
 *(.stabstr)

.stab.excl
 *(.stab.excl)

.stab.exclstr
 *(.stab.exclstr)

.stab.index
 *(.stab.index)

.stab.indexstr
 *(.stab.indexstr)

.comment        0x00000000       0x30
 *(.comment)
 .comment       0x00000000       0x30 default/wdt_drv.o
                                 0x31 (size before relaxing)
 .comment       0x00000030       0x31 default/scheduler.o
 .comment       0x00000030       0x31 default/main.o
 .comment       0x00000030       0x31 default/spi_drv.o
 .comment       0x00000030       0x31 default/RFmodule.o
 .comment       0x00000030       0x31 default/hid_task.o
 .comment       0x00000030       0x31 default/start_boot.o
 .comment       0x00000030       0x31 default/usb_descriptors.o
 .comment       0x00000030       0x31 default/usb_device_task.o
 .comment       0x00000030       0x31 default/usb_drv.o
 .comment       0x00000030       0x31 default/usb_specific_request.o
 .comment       0x00000030       0x31 default/usb_standard_request.o
 .comment       0x00000030       0x31 default/usb_task.o

.note.gnu.avr.deviceinfo
                0x00000000       0x40
 .note.gnu.avr.deviceinfo
                0x00000000       0x40 c:/program files (x86)/atmel/studio/7.0/toolchain/avr8/avr8-gnu-toolchain/bin/../lib/gcc/avr/4.9.2/../../../../avr/lib/avr35/crtat90usb162.o

.note.gnu.build-id
 *(.note.gnu.build-id)

.debug
 *(.debug)

.line
 *(.line)

.debug_srcinfo
 *(.debug_srcinfo)

.debug_sfnames
 *(.debug_sfnames)

.debug_aranges  0x00000000      0x2e8
 *(.debug_aranges)
 .debug_aranges
                0x00000000       0x38 default/wdt_drv.o
 .debug_aranges
                0x00000038       0x38 default/scheduler.o
 .debug_aranges
                0x00000070       0x28 default/main.o
 .debug_aranges
                0x00000098       0x38 default/spi_drv.o
 .debug_aranges
                0x000000d0       0x30 default/RFmodule.o
 .debug_aranges
                0x00000100       0x58 default/hid_task.o
 .debug_aranges
                0x00000158       0x30 default/start_boot.o
 .debug_aranges
                0x00000188       0x18 default/usb_descriptors.o
 .debug_aranges
                0x000001a0       0x30 default/usb_device_task.o
 .debug_aranges
                0x000001d0       0x48 default/usb_drv.o
 .debug_aranges
                0x00000218       0x70 default/usb_specific_request.o
 .debug_aranges
                0x00000288       0x28 default/usb_standard_request.o
 .debug_aranges
                0x000002b0       0x38 default/usb_task.o

.debug_pubnames
 *(.debug_pubnames)

.debug_info     0x00000000     0x2b0d
 *(.debug_info .gnu.linkonce.wi.*)
 .debug_info    0x00000000      0x1e8 default/wdt_drv.o
 .debug_info    0x000001e8      0x151 default/scheduler.o
 .debug_info    0x00000339      0x11a default/main.o
 .debug_info    0x00000453      0x12f default/spi_drv.o
 .debug_info    0x00000582      0x2ff default/RFmodule.o
 .debug_info    0x00000881      0x562 default/hid_task.o
 .debug_info    0x00000de3      0x12a default/start_boot.o
 .debug_info    0x00000f0d      0x541 default/usb_descriptors.o
 .debug_info    0x0000144e      0x169 default/usb_device_task.o
 .debug_info    0x000015b7      0x225 default/usb_drv.o
 .debug_info    0x000017dc      0x81f default/usb_specific_request.o
 .debug_info    0x00001ffb      0x968 default/usb_standard_request.o
 .debug_info    0x00002963      0x1aa default/usb_task.o

.debug_abbrev   0x00000000      0xf93
 *(.debug_abbrev)
 .debug_abbrev  0x00000000       0xf5 default/wdt_drv.o
 .debug_abbrev  0x000000f5       0x91 default/scheduler.o
 .debug_abbrev  0x00000186       0xa9 default/main.o
 .debug_abbrev  0x0000022f       0xe2 default/spi_drv.o
 .debug_abbrev  0x00000311      0x155 default/RFmodule.o
 .debug_abbrev  0x00000466      0x231 default/hid_task.o
 .debug_abbrev  0x00000697       0xb8 default/start_boot.o
 .debug_abbrev  0x0000074f       0xb7 default/usb_descriptors.o
 .debug_abbrev  0x00000806       0xde default/usb_device_task.o
 .debug_abbrev  0x000008e4       0xe6 default/usb_drv.o
 .debug_abbrev  0x000009ca      0x22b default/usb_specific_request.o
 .debug_abbrev  0x00000bf5      0x27c default/usb_standard_request.o
 .debug_abbrev  0x00000e71      0x122 default/usb_task.o

.debug_line     0x00000000     0x11a4
 *(.debug_line .debug_line.* .debug_line_end)
 .debug_line    0x00000000      0x1c5 default/wdt_drv.o
 .debug_line    0x000001c5       0x9d default/scheduler.o
 .debug_line    0x00000262      0x124 default/main.o
 .debug_line    0x00000386       0xe7 default/spi_drv.o
 .debug_line    0x0000046d       0xe4 default/RFmodule.o
 .debug_line    0x00000551      0x1eb default/hid_task.o
 .debug_line    0x0000073c       0xb5 default/start_boot.o
 .debug_line    0x000007f1       0x7e default/usb_descriptors.o
 .debug_line    0x0000086f      0x19c default/usb_device_task.o
 .debug_line    0x00000a0b      0x145 default/usb_drv.o
 .debug_line    0x00000b50      0x288 default/usb_specific_request.o
 .debug_line    0x00000dd8      0x200 default/usb_standard_request.o
 .debug_line    0x00000fd8      0x1cc default/usb_task.o

.debug_frame    0x00000000      0x578
 *(.debug_frame)
 .debug_frame   0x00000000       0x54 default/wdt_drv.o
 .debug_frame   0x00000054       0x54 default/scheduler.o
 .debug_frame   0x000000a8       0x34 default/main.o
 .debug_frame   0x000000dc       0x80 default/spi_drv.o
 .debug_frame   0x0000015c       0x5c default/RFmodule.o
 .debug_frame   0x000001b8       0xc8 default/hid_task.o
 .debug_frame   0x00000280       0x44 default/start_boot.o
 .debug_frame   0x000002c4       0x44 default/usb_device_task.o
 .debug_frame   0x00000308       0x74 default/usb_drv.o
 .debug_frame   0x0000037c      0x110 default/usb_specific_request.o
 .debug_frame   0x0000048c       0x50 default/usb_standard_request.o
 .debug_frame   0x000004dc       0x9c default/usb_task.o

.debug_str      0x00000000      0xd7b
 *(.debug_str)
 .debug_str     0x00000000      0x1b6 default/wdt_drv.o
                                0x1ef (size before relaxing)
 .debug_str     0x000001b6       0x89 default/scheduler.o
                                0x1c7 (size before relaxing)
 .debug_str     0x0000023f       0x3d default/main.o
                                0x19c (size before relaxing)
 .debug_str     0x0000027c       0x47 default/spi_drv.o
                                0x161 (size before relaxing)
 .debug_str     0x000002c3      0x132 default/RFmodule.o
                                0x273 (size before relaxing)
 .debug_str     0x000003f5       0xd3 default/hid_task.o
                                0x274 (size before relaxing)
 .debug_str     0x000004c8       0x35 default/start_boot.o
                                0x1ac (size before relaxing)
 .debug_str     0x000004fd      0x3b1 default/usb_descriptors.o
                                0x509 (size before relaxing)
 .debug_str     0x000008ae       0xad default/usb_device_task.o
                                0x208 (size before relaxing)
 .debug_str     0x0000095b       0xa1 default/usb_drv.o
                                0x217 (size before relaxing)
 .debug_str     0x000009fc      0x1b3 default/usb_specific_request.o
                                0x634 (size before relaxing)
 .debug_str     0x00000baf      0x192 default/usb_standard_request.o
                                0x695 (size before relaxing)
 .debug_str     0x00000d41       0x3a default/usb_task.o
                                0x1e6 (size before relaxing)

.debug_loc      0x00000000      0xfec
 *(.debug_loc)
 .debug_loc     0x00000000       0x84 default/wdt_drv.o
 .debug_loc     0x00000084      0x15d default/spi_drv.o
 .debug_loc     0x000001e1       0xf5 default/RFmodule.o
 .debug_loc     0x000002d6      0x255 default/hid_task.o
 .debug_loc     0x0000052b      0x188 default/usb_drv.o
 .debug_loc     0x000006b3      0x5af default/usb_specific_request.o
 .debug_loc     0x00000c62      0x2a1 default/usb_standard_request.o
 .debug_loc     0x00000f03       0xe9 default/usb_task.o

.debug_macinfo
 *(.debug_macinfo)

.debug_weaknames
 *(.debug_weaknames)

.debug_funcnames
 *(.debug_funcnames)

.debug_typenames
 *(.debug_typenames)

.debug_varnames
 *(.debug_varnames)

.debug_pubtypes
 *(.debug_pubtypes)

.debug_ranges   0x00000000      0x228
 *(.debug_ranges)
 .debug_ranges  0x00000000       0x28 default/wdt_drv.o
 .debug_ranges  0x00000028       0x28 default/scheduler.o
 .debug_ranges  0x00000050       0x18 default/main.o
 .debug_ranges  0x00000068       0x28 default/spi_drv.o
 .debug_ranges  0x00000090       0x20 default/RFmodule.o
 .debug_ranges  0x000000b0       0x48 default/hid_task.o
 .debug_ranges  0x000000f8       0x20 default/start_boot.o
 .debug_ranges  0x00000118       0x20 default/usb_device_task.o
 .debug_ranges  0x00000138       0x38 default/usb_drv.o
 .debug_ranges  0x00000170       0x60 default/usb_specific_request.o
 .debug_ranges  0x000001d0       0x30 default/usb_standard_request.o
 .debug_ranges  0x00000200       0x28 default/usb_task.o

.debug_macro
 *(.debug_macro)
OUTPUT(USBSticker01-00.elf elf32-avr)
LOAD linker stubs

Cross Reference Table

Symbol                                            File
Clock_switch_external                             default/power_drv.o
Clock_switch_internal                             default/power_drv.o
DATA_RECEIVED                                     default/hid_task.o
Init_SPI                                          default/spi_drv.o
                                                  default/hid_task.o
RFM01_init                                        default/RFmodule.o
                                                  default/hid_task.o
RMFM12_ReadFIFO                                   default/RFmodule.o
                                                  default/hid_task.o
SPI_MasterRead                                    default/spi_drv.o
SPI_SendBuff                                      default/spi_drv.o
                                                  default/RFmodule.o
SPI_Transmit                                      default/spi_drv.o
                                                  default/RFmodule.o
UI_task                                           default/hid_task.o
USB_Read                                          default/hid_task.o
USB_Send                                          default/hid_task.o
USBbuff                                           default/hid_task.o
WriteCMD                                          default/RFmodule.o
                                                  default/hid_task.o
__bad_interrupt                                   c:/program files (x86)/atmel/studio/7.0/toolchain/avr8/avr8-gnu-toolchain/bin/../lib/gcc/avr/4.9.2/../../../../avr/lib/avr35/crtat90usb162.o
__bss_end                                         c:/program files (x86)/atmel/studio/7.0/toolchain/avr8/avr8-gnu-toolchain/bin/../lib/gcc/avr/4.9.2/avr35\libgcc.a(_clear_bss.o)
__bss_start                                       c:/program files (x86)/atmel/studio/7.0/toolchain/avr8/avr8-gnu-toolchain/bin/../lib/gcc/avr/4.9.2/avr35\libgcc.a(_clear_bss.o)
__data_end                                        c:/program files (x86)/atmel/studio/7.0/toolchain/avr8/avr8-gnu-toolchain/bin/../lib/gcc/avr/4.9.2/avr35\libgcc.a(_copy_data.o)
__data_load_start                                 c:/program files (x86)/atmel/studio/7.0/toolchain/avr8/avr8-gnu-toolchain/bin/../lib/gcc/avr/4.9.2/avr35\libgcc.a(_copy_data.o)
__data_start                                      c:/program files (x86)/atmel/studio/7.0/toolchain/avr8/avr8-gnu-toolchain/bin/../lib/gcc/avr/4.9.2/avr35\libgcc.a(_copy_data.o)
__do_clear_bss                                    c:/program files (x86)/atmel/studio/7.0/toolchain/avr8/avr8-gnu-toolchain/bin/../lib/gcc/avr/4.9.2/avr35\libgcc.a(_clear_bss.o)
                                                  default/usb_task.o
                                                  default/usb_standard_request.o
                                                  default/usb_specific_request.o
                                                  default/usb_device_task.o
                                                  default/hid_task.o
__do_copy_data                                    c:/program files (x86)/atmel/studio/7.0/toolchain/avr8/avr8-gnu-toolchain/bin/../lib/gcc/avr/4.9.2/avr35\libgcc.a(_copy_data.o)
                                                  default/usb_descriptors.o
                                                  default/start_boot.o
                                                  default/hid_task.o
__heap_end                                        c:/program files (x86)/atmel/studio/7.0/toolchain/avr8/avr8-gnu-toolchain/bin/../lib/gcc/avr/4.9.2/../../../../avr/lib/avr35/crtat90usb162.o
__init                                            c:/program files (x86)/atmel/studio/7.0/toolchain/avr8/avr8-gnu-toolchain/bin/../lib/gcc/avr/4.9.2/../../../../avr/lib/avr35/crtat90usb162.o
__low_level_init                                  default/main.o
__stack                                           c:/program files (x86)/atmel/studio/7.0/toolchain/avr8/avr8-gnu-toolchain/bin/../lib/gcc/avr/4.9.2/../../../../avr/lib/avr35/crtat90usb162.o
__tablejump2__                                    c:/program files (x86)/atmel/studio/7.0/toolchain/avr8/avr8-gnu-toolchain/bin/../lib/gcc/avr/4.9.2/avr35\libgcc.a(_tablejump2.o)
                                                  default/usb_standard_request.o
__vector_1                                        c:/program files (x86)/atmel/studio/7.0/toolchain/avr8/avr8-gnu-toolchain/bin/../lib/gcc/avr/4.9.2/../../../../avr/lib/avr35/crtat90usb162.o
__vector_10                                       c:/program files (x86)/atmel/studio/7.0/toolchain/avr8/avr8-gnu-toolchain/bin/../lib/gcc/avr/4.9.2/../../../../avr/lib/avr35/crtat90usb162.o
__vector_11                                       default/usb_task.o
                                                  c:/program files (x86)/atmel/studio/7.0/toolchain/avr8/avr8-gnu-toolchain/bin/../lib/gcc/avr/4.9.2/../../../../avr/lib/avr35/crtat90usb162.o
__vector_12                                       c:/program files (x86)/atmel/studio/7.0/toolchain/avr8/avr8-gnu-toolchain/bin/../lib/gcc/avr/4.9.2/../../../../avr/lib/avr35/crtat90usb162.o
__vector_13                                       c:/program files (x86)/atmel/studio/7.0/toolchain/avr8/avr8-gnu-toolchain/bin/../lib/gcc/avr/4.9.2/../../../../avr/lib/avr35/crtat90usb162.o
__vector_14                                       c:/program files (x86)/atmel/studio/7.0/toolchain/avr8/avr8-gnu-toolchain/bin/../lib/gcc/avr/4.9.2/../../../../avr/lib/avr35/crtat90usb162.o
__vector_15                                       c:/program files (x86)/atmel/studio/7.0/toolchain/avr8/avr8-gnu-toolchain/bin/../lib/gcc/avr/4.9.2/../../../../avr/lib/avr35/crtat90usb162.o
__vector_16                                       c:/program files (x86)/atmel/studio/7.0/toolchain/avr8/avr8-gnu-toolchain/bin/../lib/gcc/avr/4.9.2/../../../../avr/lib/avr35/crtat90usb162.o
__vector_17                                       c:/program files (x86)/atmel/studio/7.0/toolchain/avr8/avr8-gnu-toolchain/bin/../lib/gcc/avr/4.9.2/../../../../avr/lib/avr35/crtat90usb162.o
__vector_18                                       c:/program files (x86)/atmel/studio/7.0/toolchain/avr8/avr8-gnu-toolchain/bin/../lib/gcc/avr/4.9.2/../../../../avr/lib/avr35/crtat90usb162.o
__vector_19                                       c:/program files (x86)/atmel/studio/7.0/toolchain/avr8/avr8-gnu-toolchain/bin/../lib/gcc/avr/4.9.2/../../../../avr/lib/avr35/crtat90usb162.o
__vector_2                                        c:/program files (x86)/atmel/studio/7.0/toolchain/avr8/avr8-gnu-toolchain/bin/../lib/gcc/avr/4.9.2/../../../../avr/lib/avr35/crtat90usb162.o
__vector_20                                       c:/program files (x86)/atmel/studio/7.0/toolchain/avr8/avr8-gnu-toolchain/bin/../lib/gcc/avr/4.9.2/../../../../avr/lib/avr35/crtat90usb162.o
__vector_21                                       default/hid_task.o
                                                  c:/program files (x86)/atmel/studio/7.0/toolchain/avr8/avr8-gnu-toolchain/bin/../lib/gcc/avr/4.9.2/../../../../avr/lib/avr35/crtat90usb162.o
__vector_22                                       c:/program files (x86)/atmel/studio/7.0/toolchain/avr8/avr8-gnu-toolchain/bin/../lib/gcc/avr/4.9.2/../../../../avr/lib/avr35/crtat90usb162.o
__vector_23                                       c:/program files (x86)/atmel/studio/7.0/toolchain/avr8/avr8-gnu-toolchain/bin/../lib/gcc/avr/4.9.2/../../../../avr/lib/avr35/crtat90usb162.o
__vector_24                                       c:/program files (x86)/atmel/studio/7.0/toolchain/avr8/avr8-gnu-toolchain/bin/../lib/gcc/avr/4.9.2/../../../../avr/lib/avr35/crtat90usb162.o
__vector_25                                       c:/program files (x86)/atmel/studio/7.0/toolchain/avr8/avr8-gnu-toolchain/bin/../lib/gcc/avr/4.9.2/../../../../avr/lib/avr35/crtat90usb162.o
__vector_26                                       c:/program files (x86)/atmel/studio/7.0/toolchain/avr8/avr8-gnu-toolchain/bin/../lib/gcc/avr/4.9.2/../../../../avr/lib/avr35/crtat90usb162.o
__vector_27                                       c:/program files (x86)/atmel/studio/7.0/toolchain/avr8/avr8-gnu-toolchain/bin/../lib/gcc/avr/4.9.2/../../../../avr/lib/avr35/crtat90usb162.o
__vector_28                                       c:/program files (x86)/atmel/studio/7.0/toolchain/avr8/avr8-gnu-toolchain/bin/../lib/gcc/avr/4.9.2/../../../../avr/lib/avr35/crtat90usb162.o
__vector_3                                        c:/program files (x86)/atmel/studio/7.0/toolchain/avr8/avr8-gnu-toolchain/bin/../lib/gcc/avr/4.9.2/../../../../avr/lib/avr35/crtat90usb162.o
__vector_4                                        c:/program files (x86)/atmel/studio/7.0/toolchain/avr8/avr8-gnu-toolchain/bin/../lib/gcc/avr/4.9.2/../../../../avr/lib/avr35/crtat90usb162.o
__vector_5                                        c:/program files (x86)/atmel/studio/7.0/toolchain/avr8/avr8-gnu-toolchain/bin/../lib/gcc/avr/4.9.2/../../../../avr/lib/avr35/crtat90usb162.o
__vector_6                                        c:/program files (x86)/atmel/studio/7.0/toolchain/avr8/avr8-gnu-toolchain/bin/../lib/gcc/avr/4.9.2/../../../../avr/lib/avr35/crtat90usb162.o
__vector_7                                        c:/program files (x86)/atmel/studio/7.0/toolchain/avr8/avr8-gnu-toolchain/bin/../lib/gcc/avr/4.9.2/../../../../avr/lib/avr35/crtat90usb162.o
__vector_8                                        c:/program files (x86)/atmel/studio/7.0/toolchain/avr8/avr8-gnu-toolchain/bin/../lib/gcc/avr/4.9.2/../../../../avr/lib/avr35/crtat90usb162.o
__vector_9                                        c:/program files (x86)/atmel/studio/7.0/toolchain/avr8/avr8-gnu-toolchain/bin/../lib/gcc/avr/4.9.2/../../../../avr/lib/avr35/crtat90usb162.o
__vector_default                                  c:/program files (x86)/atmel/studio/7.0/toolchain/avr8/avr8-gnu-toolchain/bin/../lib/gcc/avr/4.9.2/../../../../avr/lib/avr35/crtat90usb162.o
__vectors                                         c:/program files (x86)/atmel/studio/7.0/toolchain/avr8/avr8-gnu-toolchain/bin/../lib/gcc/avr/4.9.2/../../../../avr/lib/avr35/crtat90usb162.o
_exit                                             c:/program files (x86)/atmel/studio/7.0/toolchain/avr8/avr8-gnu-toolchain/bin/../lib/gcc/avr/4.9.2/avr35\libgcc.a(_exit.o)
alive                                             default/hid_task.o
blinker                                           default/hid_task.o
boot_key                                          default/start_boot.o
                                                  default/main.o
buferis                                           default/hid_task.o
cold                                              default/hid_task.o
cpt_sof                                           default/hid_task.o
data_to_transfer                                  default/usb_standard_request.o
                                                  default/usb_specific_request.o
delay_ms                                          default/hid_task.o
delay_usb                                         default/usb_task.o
device_status                                     default/usb_standard_request.o
endpoint_status                                   default/usb_standard_request.o
exit                                              c:/program files (x86)/atmel/studio/7.0/toolchain/avr8/avr8-gnu-toolchain/bin/../lib/gcc/avr/4.9.2/avr35\libgcc.a(_exit.o)
                                                  c:/program files (x86)/atmel/studio/7.0/toolchain/avr8/avr8-gnu-toolchain/bin/../lib/gcc/avr/4.9.2/../../../../avr/lib/avr35/crtat90usb162.o
g_u8_report_rate                                  default/usb_specific_request.o
g_usb_event                                       default/usb_task.o
                                                  default/usb_device_task.o
goto_boot                                         default/start_boot.o
hid_get_hid_descriptor                            default/usb_specific_request.o
hid_get_report_descriptor                         default/usb_specific_request.o
hid_task                                          default/hid_task.o
                                                  default/scheduler.o
hid_task_init                                     default/hid_task.o
                                                  default/scheduler.o
jump_bootloader                                   default/usb_specific_request.o
                                                  default/hid_task.o
main                                              default/main.o
                                                  c:/program files (x86)/atmel/studio/7.0/toolchain/avr8/avr8-gnu-toolchain/bin/../lib/gcc/avr/4.9.2/../../../../avr/lib/avr35/crtat90usb162.o
pbuffer                                           default/usb_standard_request.o
                                                  default/usb_specific_request.o
remote_wakeup_feature                             default/usb_standard_request.o
scheduler                                         default/scheduler.o
                                                  default/main.o
scheduler_empty_fct                               default/scheduler.o
scheduler_init                                    default/scheduler.o
scheduler_tasks                                   default/scheduler.o
set_adc_noise_reduction_mode                      default/power_drv.o
set_ext_standby_mode                              default/power_drv.o
set_idle_mode                                     default/power_drv.o
set_power_down_mode                               default/power_drv.o
set_power_save_mode                               default/power_drv.o
set_standby_mode                                  default/power_drv.o
start_boot                                        default/start_boot.o
                                                  default/hid_task.o
start_boot_if_required                            default/start_boot.o
                                                  default/main.o
start_bootloader                                  default/start_boot.o
usb_conf_desc                                     default/usb_descriptors.o
                                                  default/usb_standard_request.o
                                                  default/usb_specific_request.o
usb_config_ep                                     default/usb_drv.o
                                                  default/usb_specific_request.o
usb_configuration_nb                              default/usb_standard_request.o
                                                  default/usb_device_task.o
                                                  default/hid_task.o
usb_connected                                     default/usb_device_task.o
usb_delay_ms                                      default/usb_task.o
usb_dev_desc                                      default/usb_descriptors.o
                                                  default/usb_standard_request.o
usb_device_task                                   default/usb_device_task.o
                                                  default/usb_task.o
usb_device_task_init                              default/usb_device_task.o
                                                  default/usb_task.o
usb_generate_remote_wakeup                        default/usb_standard_request.o
usb_halt_endpoint                                 default/usb_drv.o
usb_hid_get_idle                                  default/usb_specific_request.o
usb_hid_report_descriptor                         default/usb_descriptors.o
                                                  default/usb_specific_request.o
usb_hid_set_idle                                  default/usb_specific_request.o
usb_hid_set_report_feature                        default/usb_specific_request.o
usb_hid_set_report_ouput                          default/usb_specific_request.o
usb_init_device                                   default/usb_drv.o
                                                  default/usb_task.o
                                                  default/usb_device_task.o
usb_process_request                               default/usb_standard_request.o
                                                  default/usb_device_task.o
usb_read_packet                                   default/usb_drv.o
                                                  default/hid_task.o
usb_select_enpoint_interrupt                      default/usb_drv.o
usb_send_packet                                   default/usb_drv.o
                                                  default/hid_task.o
usb_start_device                                  default/usb_device_task.o
usb_suspended                                     default/usb_device_task.o
                                                  default/usb_task.o
usb_task                                          default/usb_task.o
                                                  default/scheduler.o
usb_task_init                                     default/usb_task.o
                                                  default/scheduler.o
usb_user_endpoint_init                            default/usb_specific_request.o
                                                  default/usb_standard_request.o
usb_user_get_descriptor                           default/usb_specific_request.o
                                                  default/usb_standard_request.o
usb_user_interface_get                            default/usb_specific_request.o
                                                  default/usb_standard_request.o
usb_user_interface_reset                          default/usb_specific_request.o
                                                  default/usb_standard_request.o
usb_user_language_id                              default/usb_descriptors.o
                                                  default/usb_specific_request.o
usb_user_manufacturer_string_descriptor           default/usb_descriptors.o
                                                  default/usb_specific_request.o
usb_user_product_string_descriptor                default/usb_descriptors.o
                                                  default/usb_specific_request.o
usb_user_read_request                             default/usb_specific_request.o
                                                  default/usb_standard_request.o
wdtdrv_disable                                    default/wdt_drv.o
                                                  default/main.o
wdtdrv_enable                                     default/wdt_drv.o
                                                  default/start_boot.o
wdtdrv_interrupt_enable                           default/wdt_drv.o
wdtdrv_interrupt_reset_enable                     default/wdt_drv.o
