Archive member included because of file (symbol)

c:/winavr-20090313/bin/../lib/gcc/avr/4.3.2/avr35\libgcc.a(_exit.o)
                              c:/winavr-20090313/bin/../lib/gcc/avr/4.3.2/../../../../avr/lib/avr35/crtusb162.o (exit)
c:/winavr-20090313/bin/../lib/gcc/avr/4.3.2/avr35\libgcc.a(_copy_data.o)
                              default/hid_task.o (__do_copy_data)
c:/winavr-20090313/bin/../lib/gcc/avr/4.3.2/avr35\libgcc.a(_clear_bss.o)
                              default/hid_task.o (__do_clear_bss)
c:/winavr-20090313/bin/../lib/gcc/avr/4.3.2/../../../../avr/lib/avr35\libc.a(memcpy.o)
                              default/hid_task.o (memcpy)

Allocating common symbols
Common symbol       size              file

endpoint_status     0x7               default/usb_standard_request.o
buferis             0x40              default/hid_task.o
delay_usb           0x2               default/usb_task.o
usb_configuration_nb
                    0x1               default/usb_standard_request.o
data_to_transfer    0x1               default/usb_standard_request.o
pbuffer             0x2               default/usb_standard_request.o

Discarded input sections

 .data          0x00000000        0x0 c:/winavr-20090313/bin/../lib/gcc/avr/4.3.2/../../../../avr/lib/avr35/crtusb162.o
 .bss           0x00000000        0x0 c:/winavr-20090313/bin/../lib/gcc/avr/4.3.2/../../../../avr/lib/avr35/crtusb162.o
 .text          0x00000000        0x0 default/wdt_drv.o
 .data          0x00000000        0x0 default/wdt_drv.o
 .bss           0x00000000        0x0 default/wdt_drv.o
 .text.wdtdrv_interrupt_enable
                0x00000000        0x0 default/wdt_drv.o
 .text.wdtdrv_interrupt_reset_enable
                0x00000000        0x0 default/wdt_drv.o
 .text          0x00000000        0x0 default/scheduler.o
 .data          0x00000000        0x0 default/scheduler.o
 .bss           0x00000000        0x0 default/scheduler.o
 .text.scheduler_empty_fct
                0x00000000        0x0 default/scheduler.o
 .text          0x00000000        0x0 default/main.o
 .data          0x00000000        0x0 default/main.o
 .bss           0x00000000        0x0 default/main.o
 .text          0x00000000        0x0 default/spi_drv.o
 .data          0x00000000        0x0 default/spi_drv.o
 .bss           0x00000000        0x0 default/spi_drv.o
 .text.SPI_MasterTransmit
                0x00000000        0x0 default/spi_drv.o
 .text.SPI_MasterRead
                0x00000000        0x0 default/spi_drv.o
 .text          0x00000000        0x0 default/power_drv.o
 .data          0x00000000        0x0 default/power_drv.o
 .bss           0x00000000        0x0 default/power_drv.o
 .text.set_power_down_mode
                0x00000000        0x0 default/power_drv.o
 .text.set_idle_mode
                0x00000000        0x0 default/power_drv.o
 .text.set_adc_noise_reduction_mode
                0x00000000        0x0 default/power_drv.o
 .text.set_power_save_mode
                0x00000000        0x0 default/power_drv.o
 .text.set_standby_mode
                0x00000000        0x0 default/power_drv.o
 .text.set_ext_standby_mode
                0x00000000        0x0 default/power_drv.o
 .text.Clock_switch_external
                0x00000000        0x0 default/power_drv.o
 .text.Clock_switch_internal
                0x00000000        0x0 default/power_drv.o
 .text          0x00000000        0x0 default/hid_task.o
 .text.delay_ms
                0x00000000        0x0 default/hid_task.o
 .text          0x00000000        0x0 default/start_boot.o
 .bss           0x00000000        0x0 default/start_boot.o
 .text.goto_boot
                0x00000000        0x0 default/start_boot.o
 .text          0x00000000        0x0 default/usb_descriptors.o
 .data          0x00000000        0x0 default/usb_descriptors.o
 .bss           0x00000000        0x0 default/usb_descriptors.o
 .text          0x00000000        0x0 default/usb_device_task.o
 .data          0x00000000        0x0 default/usb_device_task.o
 .text          0x00000000        0x0 default/usb_drv.o
 .data          0x00000000        0x0 default/usb_drv.o
 .bss           0x00000000        0x0 default/usb_drv.o
 .text.usb_select_enpoint_interrupt
                0x00000000        0x0 default/usb_drv.o
 .text.usb_halt_endpoint
                0x00000000        0x0 default/usb_drv.o
 .text          0x00000000        0x0 default/usb_specific_request.o
 .data          0x00000000        0x0 default/usb_specific_request.o
 .text.usb_hid_set_idle
                0x00000000        0x0 default/usb_specific_request.o
 .text          0x00000000        0x0 default/usb_standard_request.o
 .data          0x00000000        0x0 default/usb_standard_request.o
 .text.usb_generate_remote_wakeup
                0x00000000        0x0 default/usb_standard_request.o
 .text          0x00000000        0x0 default/usb_task.o
 .data          0x00000000        0x0 default/usb_task.o
 .text.usb_delay_ms
                0x00000000        0x0 default/usb_task.o
 .text          0x00000000        0x0 c:/winavr-20090313/bin/../lib/gcc/avr/4.3.2/avr35\libgcc.a(_exit.o)
 .data          0x00000000        0x0 c:/winavr-20090313/bin/../lib/gcc/avr/4.3.2/avr35\libgcc.a(_exit.o)
 .bss           0x00000000        0x0 c:/winavr-20090313/bin/../lib/gcc/avr/4.3.2/avr35\libgcc.a(_exit.o)
 .text.libgcc   0x00000000        0x0 c:/winavr-20090313/bin/../lib/gcc/avr/4.3.2/avr35\libgcc.a(_exit.o)
 .text          0x00000000        0x0 c:/winavr-20090313/bin/../lib/gcc/avr/4.3.2/avr35\libgcc.a(_copy_data.o)
 .data          0x00000000        0x0 c:/winavr-20090313/bin/../lib/gcc/avr/4.3.2/avr35\libgcc.a(_copy_data.o)
 .bss           0x00000000        0x0 c:/winavr-20090313/bin/../lib/gcc/avr/4.3.2/avr35\libgcc.a(_copy_data.o)
 .text.libgcc   0x00000000        0x0 c:/winavr-20090313/bin/../lib/gcc/avr/4.3.2/avr35\libgcc.a(_copy_data.o)
 .text          0x00000000        0x0 c:/winavr-20090313/bin/../lib/gcc/avr/4.3.2/avr35\libgcc.a(_clear_bss.o)
 .data          0x00000000        0x0 c:/winavr-20090313/bin/../lib/gcc/avr/4.3.2/avr35\libgcc.a(_clear_bss.o)
 .bss           0x00000000        0x0 c:/winavr-20090313/bin/../lib/gcc/avr/4.3.2/avr35\libgcc.a(_clear_bss.o)
 .text.libgcc   0x00000000        0x0 c:/winavr-20090313/bin/../lib/gcc/avr/4.3.2/avr35\libgcc.a(_clear_bss.o)
 .data          0x00000000        0x0 c:/winavr-20090313/bin/../lib/gcc/avr/4.3.2/../../../../avr/lib/avr35\libc.a(memcpy.o)
 .bss           0x00000000        0x0 c:/winavr-20090313/bin/../lib/gcc/avr/4.3.2/../../../../avr/lib/avr35\libc.a(memcpy.o)

Memory Configuration

Name             Origin             Length             Attributes
text             0x00000000         0x00020000         xr
data             0x00800060         0x0000ffa0         rw !x
eeprom           0x00810000         0x00010000         rw !x
fuse             0x00820000         0x00000400         rw !x
lock             0x00830000         0x00000400         rw !x
signature        0x00840000         0x00000400         rw !x
*default*        0x00000000         0xffffffff

Linker script and memory map

Address of section .data set to 0x800100
LOAD c:/winavr-20090313/bin/../lib/gcc/avr/4.3.2/../../../../avr/lib/avr35/crtusb162.o
LOAD default/wdt_drv.o
LOAD default/scheduler.o
LOAD default/main.o
LOAD default/spi_drv.o
LOAD default/power_drv.o
LOAD default/hid_task.o
LOAD default/start_boot.o
LOAD default/usb_descriptors.o
LOAD default/usb_device_task.o
LOAD default/usb_drv.o
LOAD default/usb_specific_request.o
LOAD default/usb_standard_request.o
LOAD default/usb_task.o
LOAD c:/winavr-20090313/bin/../lib/gcc/avr/4.3.2/avr35\libgcc.a
LOAD c:/winavr-20090313/bin/../lib/gcc/avr/4.3.2/../../../../avr/lib/avr35\libc.a
LOAD c:/winavr-20090313/bin/../lib/gcc/avr/4.3.2/avr35\libgcc.a

.hash
 *(.hash)

.dynsym
 *(.dynsym)

.dynstr
 *(.dynstr)

.gnu.version
 *(.gnu.version)

.gnu.version_d
 *(.gnu.version_d)

.gnu.version_r
 *(.gnu.version_r)

.rel.init
 *(.rel.init)

.rela.init
 *(.rela.init)

.rel.text
 *(.rel.text)
 *(.rel.text.*)
 *(.rel.gnu.linkonce.t*)

.rela.text
 *(.rela.text)
 *(.rela.text.*)
 *(.rela.gnu.linkonce.t*)

.rel.fini
 *(.rel.fini)

.rela.fini
 *(.rela.fini)

.rel.rodata
 *(.rel.rodata)
 *(.rel.rodata.*)
 *(.rel.gnu.linkonce.r*)

.rela.rodata
 *(.rela.rodata)
 *(.rela.rodata.*)
 *(.rela.gnu.linkonce.r*)

.rel.data
 *(.rel.data)
 *(.rel.data.*)
 *(.rel.gnu.linkonce.d*)

.rela.data
 *(.rela.data)
 *(.rela.data.*)
 *(.rela.gnu.linkonce.d*)

.rel.ctors
 *(.rel.ctors)

.rela.ctors
 *(.rela.ctors)

.rel.dtors
 *(.rel.dtors)

.rela.dtors
 *(.rela.dtors)

.rel.got
 *(.rel.got)

.rela.got
 *(.rela.got)

.rel.bss
 *(.rel.bss)

.rela.bss
 *(.rela.bss)

.rel.plt
 *(.rel.plt)

.rela.plt
 *(.rela.plt)

.text           0x00000000     0x117e
 *(.vectors)
 .vectors       0x00000000       0x74 c:/winavr-20090313/bin/../lib/gcc/avr/4.3.2/../../../../avr/lib/avr35/crtusb162.o
                0x00000000                __vectors
                0x00000000                __vector_default
 *(.vectors)
 *(.progmem.gcc*)
 *(.progmem*)
 .progmem.data  0x00000074       0xae default/usb_descriptors.o
                0x000000e9                usb_user_language_id
                0x00000074                usb_dev_desc
                0x000000bf                usb_user_product_string_descriptor
                0x000000af                usb_user_manufacturer_string_descriptor
                0x000000ed                usb_hid_report_descriptor
                0x00000086                usb_conf_desc
                0x00000122                . = ALIGN (0x2)
                0x00000122                __trampolines_start = .
 *(.trampolines)
 .trampolines   0x00000122        0x0 linker stubs
 *(.trampolines*)
                0x00000122                __trampolines_end = .
 *(.jumptables)
 *(.jumptables*)
 *(.lowtext)
 *(.lowtext*)
                0x00000122                __ctors_start = .
 *(.ctors)
                0x00000122                __ctors_end = .
                0x00000122                __dtors_start = .
 *(.dtors)
                0x00000122                __dtors_end = .
 SORT(*)(.ctors)
 SORT(*)(.dtors)
 *(.init0)
 .init0         0x00000122        0x0 c:/winavr-20090313/bin/../lib/gcc/avr/4.3.2/../../../../avr/lib/avr35/crtusb162.o
                0x00000122                __init
 *(.init0)
 *(.init1)
 *(.init1)
 *(.init2)
 .init2         0x00000122        0xc c:/winavr-20090313/bin/../lib/gcc/avr/4.3.2/../../../../avr/lib/avr35/crtusb162.o
 *(.init2)
 *(.init3)
 .init3         0x0000012e       0x16 default/main.o
                0x0000012e                __low_level_init
 *(.init3)
 *(.init4)
 .init4         0x00000144       0x16 c:/winavr-20090313/bin/../lib/gcc/avr/4.3.2/avr35\libgcc.a(_copy_data.o)
                0x00000144                __do_copy_data
 .init4         0x0000015a       0x10 c:/winavr-20090313/bin/../lib/gcc/avr/4.3.2/avr35\libgcc.a(_clear_bss.o)
                0x0000015a                __do_clear_bss
 *(.init4)
 *(.init5)
 *(.init5)
 *(.init6)
 *(.init6)
 *(.init7)
 *(.init7)
 *(.init8)
 *(.init8)
 *(.init9)
 .init9         0x0000016a        0x6 c:/winavr-20090313/bin/../lib/gcc/avr/4.3.2/../../../../avr/lib/avr35/crtusb162.o
 *(.init9)
 *(.text)
 .text          0x00000170        0x2 c:/winavr-20090313/bin/../lib/gcc/avr/4.3.2/../../../../avr/lib/avr35/crtusb162.o
                0x00000170                __vector_22
                0x00000170                __vector_28
                0x00000170                __vector_1
                0x00000170                __vector_24
                0x00000170                __vector_12
                0x00000170                __bad_interrupt
                0x00000170                __vector_6
                0x00000170                __vector_3
                0x00000170                __vector_23
                0x00000170                __vector_25
                0x00000170                __vector_13
                0x00000170                __vector_17
                0x00000170                __vector_19
                0x00000170                __vector_7
                0x00000170                __vector_27
                0x00000170                __vector_5
                0x00000170                __vector_4
                0x00000170                __vector_9
                0x00000170                __vector_2
                0x00000170                __vector_15
                0x00000170                __vector_8
                0x00000170                __vector_26
                0x00000170                __vector_14
                0x00000170                __vector_10
                0x00000170                __vector_16
                0x00000170                __vector_18
                0x00000170                __vector_20
 .text          0x00000172       0x12 c:/winavr-20090313/bin/../lib/gcc/avr/4.3.2/../../../../avr/lib/avr35\libc.a(memcpy.o)
                0x00000172                memcpy
                0x00000184                . = ALIGN (0x2)
 *(.text.*)
 .text.wdtdrv_disable
                0x00000184       0x20 default/wdt_drv.o
                0x00000184                wdtdrv_disable
 .text.wdtdrv_enable
                0x000001a4       0x34 default/wdt_drv.o
                0x000001a4                wdtdrv_enable
 .text.scheduler_tasks
                0x000001d8        0x6 default/scheduler.o
                0x000001d8                scheduler_tasks
 .text.scheduler_init
                0x000001de        0x4 default/scheduler.o
                0x000001de                scheduler_init
 .text.scheduler
                0x000001e2        0x4 default/scheduler.o
                0x000001e2                scheduler
 .text.main     0x000001e6       0x66 default/main.o
                0x000001e6                main
 .text.Init_SPI
                0x0000024c        0xe default/spi_drv.o
                0x0000024c                Init_SPI
 .text.SPI_sendbuf
                0x0000025a       0x32 default/spi_drv.o
                0x0000025a                SPI_sendbuf
 .text.__vector_21
                0x0000028c       0x56 default/hid_task.o
                0x0000028c                __vector_21
 .text.UI_task  0x000002e2       0x7e default/hid_task.o
                0x000002e2                UI_task
 .text.USB_Send
                0x00000360       0x34 default/hid_task.o
                0x00000360                USB_Send
 .text.USB_Read
                0x00000394       0x96 default/hid_task.o
                0x00000394                USB_Read
 .text.DATA_RECEIVED
                0x0000042a       0x9e default/hid_task.o
                0x0000042a                DATA_RECEIVED
 .text.hid_task
                0x000004c8       0x1a default/hid_task.o
                0x000004c8                hid_task
 .text.hid_task_init
                0x000004e2       0x2a default/hid_task.o
                0x000004e2                hid_task_init
 .text.start_boot_if_required
                0x0000050c       0x36 default/start_boot.o
                0x0000050c                start_boot_if_required
 .text.start_boot
                0x00000542       0x1e default/start_boot.o
                0x00000542                start_boot
 .text.usb_device_task_init
                0x00000560       0x12 default/usb_device_task.o
                0x00000560                usb_device_task_init
 .text.usb_start_device
                0x00000572       0x4c default/usb_device_task.o
                0x00000572                usb_start_device
 .text.usb_device_task
                0x000005be       0x4c default/usb_device_task.o
                0x000005be                usb_device_task
 .text.usb_config_ep
                0x0000060a       0x30 default/usb_drv.o
                0x0000060a                usb_config_ep
 .text.usb_send_packet
                0x0000063a       0x20 default/usb_drv.o
                0x0000063a                usb_send_packet
 .text.usb_read_packet
                0x0000065a       0x20 default/usb_drv.o
                0x0000065a                usb_read_packet
 .text.usb_init_device
                0x0000067a       0x46 default/usb_drv.o
                0x0000067a                usb_init_device
 .text.usb_user_interface_get
                0x000006c0        0x4 default/usb_specific_request.o
                0x000006c0                usb_user_interface_get
 .text.usb_user_interface_reset
                0x000006c4       0x4c default/usb_specific_request.o
                0x000006c4                usb_user_interface_reset
 .text.usb_user_get_descriptor
                0x00000710       0x44 default/usb_specific_request.o
                0x00000710                usb_user_get_descriptor
 .text.hid_get_report_descriptor
                0x00000754       0xdc default/usb_specific_request.o
                0x00000754                hid_get_report_descriptor
 .text.usb_hid_set_report_ouput
                0x00000830       0x3c default/usb_specific_request.o
                0x00000830                usb_hid_set_report_ouput
 .text.usb_hid_get_idle
                0x0000086c       0x72 default/usb_specific_request.o
                0x0000086c                usb_hid_get_idle
 .text.usb_hid_set_report_feature
                0x000008de       0x6a default/usb_specific_request.o
                0x000008de                usb_hid_set_report_feature
 .text.hid_get_hid_descriptor
                0x00000948       0xdc default/usb_specific_request.o
                0x00000948                hid_get_hid_descriptor
 .text.usb_user_read_request
                0x00000a24       0x96 default/usb_specific_request.o
                0x00000a24                usb_user_read_request
 .text.usb_user_endpoint_init
                0x00000aba       0x26 default/usb_specific_request.o
                0x00000aba                usb_user_endpoint_init
 .text.usb_process_request
                0x00000ae0      0x45c default/usb_standard_request.o
                0x00000ae0                usb_process_request
 .text.__vector_11
                0x00000f3c      0x236 default/usb_task.o
                0x00000f3c                __vector_11
 .text.usb_task
                0x00001172        0x4 default/usb_task.o
                0x00001172                usb_task
 .text.usb_task_init
                0x00001176        0x4 default/usb_task.o
                0x00001176                usb_task_init
                0x0000117a                . = ALIGN (0x2)
 *(.fini9)
 .fini9         0x0000117a        0x0 c:/winavr-20090313/bin/../lib/gcc/avr/4.3.2/avr35\libgcc.a(_exit.o)
                0x0000117a                exit
                0x0000117a                _exit
 *(.fini9)
 *(.fini8)
 *(.fini8)
 *(.fini7)
 *(.fini7)
 *(.fini6)
 *(.fini6)
 *(.fini5)
 *(.fini5)
 *(.fini4)
 *(.fini4)
 *(.fini3)
 *(.fini3)
 *(.fini2)
 *(.fini2)
 *(.fini1)
 *(.fini1)
 *(.fini0)
 .fini0         0x0000117a        0x4 c:/winavr-20090313/bin/../lib/gcc/avr/4.3.2/avr35\libgcc.a(_exit.o)
 *(.fini0)
                0x0000117e                _etext = .

.data           0x00800100        0x8 load address 0x0000117e
                0x00800100                PROVIDE (__data_start, .)
 *(.data)
 .data          0x00800100        0x5 default/hid_task.o
                0x00800104                blinker
                0x00800100                alive
 .data          0x00800105        0x2 default/start_boot.o
                0x00800105                start_bootloader
 *(.data*)
 *(.rodata)
 *(.rodata*)
 *(.gnu.linkonce.d*)
                0x00800108                . = ALIGN (0x2)
 *fill*         0x00800107        0x1 00
                0x00800108                _edata = .
                0x00800108                PROVIDE (__data_end, .)

.bss            0x00800108       0x59
                0x00800108                PROVIDE (__bss_start, .)
 *(.bss)
 .bss           0x00800108        0x4 default/hid_task.o
                0x00800108                cpt_sof
                0x0080010a                cold
 .bss           0x0080010c        0x2 default/usb_device_task.o
                0x0080010d                usb_suspended
                0x0080010c                usb_connected
 .bss           0x0080010e        0x2 default/usb_specific_request.o
                0x0080010e                jump_bootloader
                0x0080010f                g_u8_report_rate
 .bss           0x00800110        0x2 default/usb_standard_request.o
                0x00800111                device_status
                0x00800110                remote_wakeup_feature
 .bss           0x00800112        0x2 default/usb_task.o
                0x00800112                g_usb_event
 *(.bss*)
 *(COMMON)
 COMMON         0x00800114       0x40 default/hid_task.o
                0x00800114                buferis
 COMMON         0x00800154        0xb default/usb_standard_request.o
                0x00800154                endpoint_status
                0x0080015b                usb_configuration_nb
                0x0080015c                data_to_transfer
                0x0080015d                pbuffer
 COMMON         0x0080015f        0x2 default/usb_task.o
                0x0080015f                delay_usb
                0x00800161                PROVIDE (__bss_end, .)
                0x0000117e                __data_load_start = LOADADDR (.data)
                0x00001186                __data_load_end = (__data_load_start + SIZEOF (.data))

.noinit         0x00800161        0x4
                0x00800161                PROVIDE (__noinit_start, .)
 *(.noinit*)
 .noinit        0x00800161        0x4 default/start_boot.o
                0x00800161                boot_key
                0x00800165                PROVIDE (__noinit_end, .)
                0x00800165                _end = .
                0x00800165                PROVIDE (__heap_start, .)

.eeprom         0x00810000        0x0
 *(.eeprom*)
                0x00810000                __eeprom_end = .

.fuse
 *(.fuse)
 *(.lfuse)
 *(.hfuse)
 *(.efuse)

.lock
 *(.lock*)

.signature
 *(.signature*)

.stab
 *(.stab)

.stabstr
 *(.stabstr)

.stab.excl
 *(.stab.excl)

.stab.exclstr
 *(.stab.exclstr)

.stab.index
 *(.stab.index)

.stab.indexstr
 *(.stab.indexstr)

.comment
 *(.comment)

.debug
 *(.debug)

.line
 *(.line)

.debug_srcinfo
 *(.debug_srcinfo)

.debug_sfnames
 *(.debug_sfnames)

.debug_aranges  0x00000000      0x2f8
 *(.debug_aranges)
 .debug_aranges
                0x00000000       0x38 default/wdt_drv.o
 .debug_aranges
                0x00000038       0x38 default/scheduler.o
 .debug_aranges
                0x00000070       0x28 default/main.o
 .debug_aranges
                0x00000098       0x38 default/spi_drv.o
 .debug_aranges
                0x000000d0       0x58 default/power_drv.o
 .debug_aranges
                0x00000128       0x58 default/hid_task.o
 .debug_aranges
                0x00000180       0x30 default/start_boot.o
 .debug_aranges
                0x000001b0       0x30 default/usb_device_task.o
 .debug_aranges
                0x000001e0       0x48 default/usb_drv.o
 .debug_aranges
                0x00000228       0x70 default/usb_specific_request.o
 .debug_aranges
                0x00000298       0x28 default/usb_standard_request.o
 .debug_aranges
                0x000002c0       0x38 default/usb_task.o

.debug_pubnames
                0x00000000      0x7c1
 *(.debug_pubnames)
 .debug_pubnames
                0x00000000       0x75 default/wdt_drv.o
 .debug_pubnames
                0x00000075       0x5f default/scheduler.o
 .debug_pubnames
                0x000000d4       0x30 default/main.o
 .debug_pubnames
                0x00000104       0x59 default/spi_drv.o
 .debug_pubnames
                0x0000015d       0xd7 default/power_drv.o
 .debug_pubnames
                0x00000234       0xbd default/hid_task.o
 .debug_pubnames
                0x000002f1       0x6c default/start_boot.o
 .debug_pubnames
                0x0000035d       0xbf default/usb_descriptors.o
 .debug_pubnames
                0x0000041c       0x78 default/usb_device_task.o
 .debug_pubnames
                0x00000494       0x97 default/usb_drv.o
 .debug_pubnames
                0x0000052b      0x163 default/usb_specific_request.o
 .debug_pubnames
                0x0000068e       0xc3 default/usb_standard_request.o
 .debug_pubnames
                0x00000751       0x70 default/usb_task.o

.debug_info     0x00000000     0x23f3
 *(.debug_info)
 .debug_info    0x00000000      0x14a default/wdt_drv.o
 .debug_info    0x0000014a       0xdd default/scheduler.o
 .debug_info    0x00000227      0x11f default/main.o
 .debug_info    0x00000346      0x147 default/spi_drv.o
 .debug_info    0x0000048d      0x127 default/power_drv.o
 .debug_info    0x000005b4      0x29a default/hid_task.o
 .debug_info    0x0000084e       0xfa default/start_boot.o
 .debug_info    0x00000948      0x569 default/usb_descriptors.o
 .debug_info    0x00000eb1      0x11b default/usb_device_task.o
 .debug_info    0x00000fcc      0x227 default/usb_drv.o
 .debug_info    0x000011f3      0x7e1 default/usb_specific_request.o
 .debug_info    0x000019d4      0x8ba default/usb_standard_request.o
 .debug_info    0x0000228e      0x165 default/usb_task.o
 *(.gnu.linkonce.wi.*)

.debug_abbrev   0x00000000      0xbfc
 *(.debug_abbrev)
 .debug_abbrev  0x00000000       0x8a default/wdt_drv.o
 .debug_abbrev  0x0000008a       0x68 default/scheduler.o
 .debug_abbrev  0x000000f2       0xa5 default/main.o
 .debug_abbrev  0x00000197      0x102 default/spi_drv.o
 .debug_abbrev  0x00000299       0x4a default/power_drv.o
 .debug_abbrev  0x000002e3      0x133 default/hid_task.o
 .debug_abbrev  0x00000416       0x78 default/start_boot.o
 .debug_abbrev  0x0000048e       0xcb default/usb_descriptors.o
 .debug_abbrev  0x00000559       0x80 default/usb_device_task.o
 .debug_abbrev  0x000005d9      0x118 default/usb_drv.o
 .debug_abbrev  0x000006f1      0x22b default/usb_specific_request.o
 .debug_abbrev  0x0000091c      0x202 default/usb_standard_request.o
 .debug_abbrev  0x00000b1e       0xde default/usb_task.o

.debug_line     0x00000000     0x1cc2
 *(.debug_line)
 .debug_line    0x00000000      0x158 default/wdt_drv.o
 .debug_line    0x00000158       0xf2 default/scheduler.o
 .debug_line    0x0000024a      0x14b default/main.o
 .debug_line    0x00000395      0x140 default/spi_drv.o
 .debug_line    0x000004d5      0x1ce default/power_drv.o
 .debug_line    0x000006a3      0x2e0 default/hid_task.o
 .debug_line    0x00000983       0xea default/start_boot.o
 .debug_line    0x00000a6d       0xa3 default/usb_descriptors.o
 .debug_line    0x00000b10      0x1a5 default/usb_device_task.o
 .debug_line    0x00000cb5      0x1f7 default/usb_drv.o
 .debug_line    0x00000eac      0x5b6 default/usb_specific_request.o
 .debug_line    0x00001462      0x5bc default/usb_standard_request.o
 .debug_line    0x00001a1e      0x2a4 default/usb_task.o

.debug_frame    0x00000000      0x470
 *(.debug_frame)
 .debug_frame   0x00000000       0x50 default/wdt_drv.o
 .debug_frame   0x00000050       0x50 default/scheduler.o
 .debug_frame   0x000000a0       0x30 default/main.o
 .debug_frame   0x000000d0       0x50 default/spi_drv.o
 .debug_frame   0x00000120       0x90 default/power_drv.o
 .debug_frame   0x000001b0       0x90 default/hid_task.o
 .debug_frame   0x00000240       0x40 default/start_boot.o
 .debug_frame   0x00000280       0x40 default/usb_device_task.o
 .debug_frame   0x000002c0       0x70 default/usb_drv.o
 .debug_frame   0x00000330       0xc0 default/usb_specific_request.o
 .debug_frame   0x000003f0       0x30 default/usb_standard_request.o
 .debug_frame   0x00000420       0x50 default/usb_task.o

.debug_str      0x00000000      0xc90
 *(.debug_str)
 .debug_str     0x00000000      0x124 default/wdt_drv.o
                                0x15d (size before relaxing)
 .debug_str     0x00000124       0x5b default/scheduler.o
                                0x13e (size before relaxing)
 .debug_str     0x0000017f       0x2e default/main.o
                                0x111 (size before relaxing)
 .debug_str     0x000001ad       0x4d default/spi_drv.o
                                0x112 (size before relaxing)
 .debug_str     0x000001fa       0xbf default/power_drv.o
                                0x1a2 (size before relaxing)
 .debug_str     0x000002b9       0xb8 default/hid_task.o
                                0x1a9 (size before relaxing)
 .debug_str     0x00000371       0x57 default/start_boot.o
                                0x143 (size before relaxing)
 .debug_str     0x000003c8      0x3b1 default/usb_descriptors.o
                                0x4ae (size before relaxing)
 .debug_str     0x00000779       0x89 default/usb_device_task.o
                                0x181 (size before relaxing)
 .debug_str     0x00000802       0xd1 default/usb_drv.o
                                0x1b4 (size before relaxing)
 .debug_str     0x000008d3      0x1c6 default/usb_specific_request.o
                                0x5d5 (size before relaxing)
 .debug_str     0x00000a99      0x1a6 default/usb_standard_request.o
                                0x5cf (size before relaxing)
 .debug_str     0x00000c3f       0x51 default/usb_task.o
                                0x14e (size before relaxing)

.debug_loc      0x00000000      0x912
 *(.debug_loc)
 .debug_loc     0x00000000       0x5a default/wdt_drv.o
 .debug_loc     0x0000005a       0x3b default/spi_drv.o
 .debug_loc     0x00000095       0xe5 default/hid_task.o
 .debug_loc     0x0000017a      0x101 default/usb_drv.o
 .debug_loc     0x0000027b      0x236 default/usb_specific_request.o
 .debug_loc     0x000004b1      0x425 default/usb_standard_request.o
 .debug_loc     0x000008d6       0x3c default/usb_task.o

.debug_macinfo
 *(.debug_macinfo)
OUTPUT(FPGA_DEVELOPMENT_KIT.elf elf32-avr)
LOAD linker stubs

.debug_ranges   0x00000000      0x2c8
 .debug_ranges  0x00000000       0x30 default/wdt_drv.o
 .debug_ranges  0x00000030       0x30 default/scheduler.o
 .debug_ranges  0x00000060       0x20 default/main.o
 .debug_ranges  0x00000080       0x30 default/spi_drv.o
 .debug_ranges  0x000000b0       0x50 default/power_drv.o
 .debug_ranges  0x00000100       0x50 default/hid_task.o
 .debug_ranges  0x00000150       0x28 default/start_boot.o
 .debug_ranges  0x00000178       0x28 default/usb_device_task.o
 .debug_ranges  0x000001a0       0x40 default/usb_drv.o
 .debug_ranges  0x000001e0       0x68 default/usb_specific_request.o
 .debug_ranges  0x00000248       0x50 default/usb_standard_request.o
 .debug_ranges  0x00000298       0x30 default/usb_task.o

Cross Reference Table

Symbol                                            File
Clock_switch_external                             default/power_drv.o
Clock_switch_internal                             default/power_drv.o
DATA_RECEIVED                                     default/hid_task.o
Init_SPI                                          default/spi_drv.o
                                                  default/hid_task.o
SPI_MasterRead                                    default/spi_drv.o
SPI_MasterTransmit                                default/spi_drv.o
SPI_sendbuf                                       default/spi_drv.o
                                                  default/hid_task.o
UI_task                                           default/hid_task.o
USB_Read                                          default/hid_task.o
USB_Send                                          default/hid_task.o
__bad_interrupt                                   c:/winavr-20090313/bin/../lib/gcc/avr/4.3.2/../../../../avr/lib/avr35/crtusb162.o
__bss_end                                         c:/winavr-20090313/bin/../lib/gcc/avr/4.3.2/avr35\libgcc.a(_clear_bss.o)
__bss_start                                       c:/winavr-20090313/bin/../lib/gcc/avr/4.3.2/avr35\libgcc.a(_clear_bss.o)
__data_end                                        c:/winavr-20090313/bin/../lib/gcc/avr/4.3.2/avr35\libgcc.a(_copy_data.o)
__data_load_start                                 c:/winavr-20090313/bin/../lib/gcc/avr/4.3.2/avr35\libgcc.a(_copy_data.o)
__data_start                                      c:/winavr-20090313/bin/../lib/gcc/avr/4.3.2/avr35\libgcc.a(_copy_data.o)
__do_clear_bss                                    c:/winavr-20090313/bin/../lib/gcc/avr/4.3.2/avr35\libgcc.a(_clear_bss.o)
                                                  default/usb_task.o
                                                  default/usb_standard_request.o
                                                  default/usb_specific_request.o
                                                  default/usb_device_task.o
                                                  default/hid_task.o
__do_copy_data                                    c:/winavr-20090313/bin/../lib/gcc/avr/4.3.2/avr35\libgcc.a(_copy_data.o)
                                                  default/start_boot.o
                                                  default/hid_task.o
__heap_end                                        c:/winavr-20090313/bin/../lib/gcc/avr/4.3.2/../../../../avr/lib/avr35/crtusb162.o
__init                                            c:/winavr-20090313/bin/../lib/gcc/avr/4.3.2/../../../../avr/lib/avr35/crtusb162.o
__low_level_init                                  default/main.o
__stack                                           c:/winavr-20090313/bin/../lib/gcc/avr/4.3.2/../../../../avr/lib/avr35/crtusb162.o
__vector_1                                        c:/winavr-20090313/bin/../lib/gcc/avr/4.3.2/../../../../avr/lib/avr35/crtusb162.o
__vector_10                                       c:/winavr-20090313/bin/../lib/gcc/avr/4.3.2/../../../../avr/lib/avr35/crtusb162.o
__vector_11                                       default/usb_task.o
                                                  c:/winavr-20090313/bin/../lib/gcc/avr/4.3.2/../../../../avr/lib/avr35/crtusb162.o
__vector_12                                       c:/winavr-20090313/bin/../lib/gcc/avr/4.3.2/../../../../avr/lib/avr35/crtusb162.o
__vector_13                                       c:/winavr-20090313/bin/../lib/gcc/avr/4.3.2/../../../../avr/lib/avr35/crtusb162.o
__vector_14                                       c:/winavr-20090313/bin/../lib/gcc/avr/4.3.2/../../../../avr/lib/avr35/crtusb162.o
__vector_15                                       c:/winavr-20090313/bin/../lib/gcc/avr/4.3.2/../../../../avr/lib/avr35/crtusb162.o
__vector_16                                       c:/winavr-20090313/bin/../lib/gcc/avr/4.3.2/../../../../avr/lib/avr35/crtusb162.o
__vector_17                                       c:/winavr-20090313/bin/../lib/gcc/avr/4.3.2/../../../../avr/lib/avr35/crtusb162.o
__vector_18                                       c:/winavr-20090313/bin/../lib/gcc/avr/4.3.2/../../../../avr/lib/avr35/crtusb162.o
__vector_19                                       c:/winavr-20090313/bin/../lib/gcc/avr/4.3.2/../../../../avr/lib/avr35/crtusb162.o
__vector_2                                        c:/winavr-20090313/bin/../lib/gcc/avr/4.3.2/../../../../avr/lib/avr35/crtusb162.o
__vector_20                                       c:/winavr-20090313/bin/../lib/gcc/avr/4.3.2/../../../../avr/lib/avr35/crtusb162.o
__vector_21                                       default/hid_task.o
                                                  c:/winavr-20090313/bin/../lib/gcc/avr/4.3.2/../../../../avr/lib/avr35/crtusb162.o
__vector_22                                       c:/winavr-20090313/bin/../lib/gcc/avr/4.3.2/../../../../avr/lib/avr35/crtusb162.o
__vector_23                                       c:/winavr-20090313/bin/../lib/gcc/avr/4.3.2/../../../../avr/lib/avr35/crtusb162.o
__vector_24                                       c:/winavr-20090313/bin/../lib/gcc/avr/4.3.2/../../../../avr/lib/avr35/crtusb162.o
__vector_25                                       c:/winavr-20090313/bin/../lib/gcc/avr/4.3.2/../../../../avr/lib/avr35/crtusb162.o
__vector_26                                       c:/winavr-20090313/bin/../lib/gcc/avr/4.3.2/../../../../avr/lib/avr35/crtusb162.o
__vector_27                                       c:/winavr-20090313/bin/../lib/gcc/avr/4.3.2/../../../../avr/lib/avr35/crtusb162.o
__vector_28                                       c:/winavr-20090313/bin/../lib/gcc/avr/4.3.2/../../../../avr/lib/avr35/crtusb162.o
__vector_3                                        c:/winavr-20090313/bin/../lib/gcc/avr/4.3.2/../../../../avr/lib/avr35/crtusb162.o
__vector_4                                        c:/winavr-20090313/bin/../lib/gcc/avr/4.3.2/../../../../avr/lib/avr35/crtusb162.o
__vector_5                                        c:/winavr-20090313/bin/../lib/gcc/avr/4.3.2/../../../../avr/lib/avr35/crtusb162.o
__vector_6                                        c:/winavr-20090313/bin/../lib/gcc/avr/4.3.2/../../../../avr/lib/avr35/crtusb162.o
__vector_7                                        c:/winavr-20090313/bin/../lib/gcc/avr/4.3.2/../../../../avr/lib/avr35/crtusb162.o
__vector_8                                        c:/winavr-20090313/bin/../lib/gcc/avr/4.3.2/../../../../avr/lib/avr35/crtusb162.o
__vector_9                                        c:/winavr-20090313/bin/../lib/gcc/avr/4.3.2/../../../../avr/lib/avr35/crtusb162.o
__vector_default                                  c:/winavr-20090313/bin/../lib/gcc/avr/4.3.2/../../../../avr/lib/avr35/crtusb162.o
__vectors                                         c:/winavr-20090313/bin/../lib/gcc/avr/4.3.2/../../../../avr/lib/avr35/crtusb162.o
_exit                                             c:/winavr-20090313/bin/../lib/gcc/avr/4.3.2/avr35\libgcc.a(_exit.o)
alive                                             default/hid_task.o
blinker                                           default/hid_task.o
boot_key                                          default/start_boot.o
                                                  default/main.o
buferis                                           default/hid_task.o
cold                                              default/hid_task.o
cpt_sof                                           default/hid_task.o
data_to_transfer                                  default/usb_standard_request.o
                                                  default/usb_specific_request.o
delay_ms                                          default/hid_task.o
delay_usb                                         default/usb_task.o
device_status                                     default/usb_standard_request.o
endpoint_status                                   default/usb_standard_request.o
exit                                              c:/winavr-20090313/bin/../lib/gcc/avr/4.3.2/avr35\libgcc.a(_exit.o)
                                                  c:/winavr-20090313/bin/../lib/gcc/avr/4.3.2/../../../../avr/lib/avr35/crtusb162.o
g_u8_report_rate                                  default/usb_specific_request.o
g_usb_event                                       default/usb_task.o
                                                  default/usb_device_task.o
goto_boot                                         default/start_boot.o
hid_get_hid_descriptor                            default/usb_specific_request.o
hid_get_report_descriptor                         default/usb_specific_request.o
hid_task                                          default/hid_task.o
                                                  default/scheduler.o
hid_task_init                                     default/hid_task.o
                                                  default/scheduler.o
jump_bootloader                                   default/usb_specific_request.o
                                                  default/hid_task.o
main                                              default/main.o
                                                  c:/winavr-20090313/bin/../lib/gcc/avr/4.3.2/../../../../avr/lib/avr35/crtusb162.o
memcpy                                            c:/winavr-20090313/bin/../lib/gcc/avr/4.3.2/../../../../avr/lib/avr35\libc.a(memcpy.o)
                                                  default/hid_task.o
pbuffer                                           default/usb_standard_request.o
                                                  default/usb_specific_request.o
remote_wakeup_feature                             default/usb_standard_request.o
scheduler                                         default/scheduler.o
                                                  default/main.o
scheduler_empty_fct                               default/scheduler.o
scheduler_init                                    default/scheduler.o
scheduler_tasks                                   default/scheduler.o
set_adc_noise_reduction_mode                      default/power_drv.o
set_ext_standby_mode                              default/power_drv.o
set_idle_mode                                     default/power_drv.o
set_power_down_mode                               default/power_drv.o
set_power_save_mode                               default/power_drv.o
set_standby_mode                                  default/power_drv.o
start_boot                                        default/start_boot.o
                                                  default/hid_task.o
start_boot_if_required                            default/start_boot.o
                                                  default/main.o
start_bootloader                                  default/start_boot.o
usb_conf_desc                                     default/usb_descriptors.o
                                                  default/usb_standard_request.o
                                                  default/usb_specific_request.o
usb_config_ep                                     default/usb_drv.o
                                                  default/usb_specific_request.o
usb_configuration_nb                              default/usb_standard_request.o
                                                  default/usb_device_task.o
                                                  default/hid_task.o
usb_connected                                     default/usb_device_task.o
usb_delay_ms                                      default/usb_task.o
usb_dev_desc                                      default/usb_descriptors.o
                                                  default/usb_standard_request.o
usb_device_task                                   default/usb_device_task.o
                                                  default/usb_task.o
usb_device_task_init                              default/usb_device_task.o
                                                  default/usb_task.o
usb_generate_remote_wakeup                        default/usb_standard_request.o
usb_halt_endpoint                                 default/usb_drv.o
usb_hid_get_idle                                  default/usb_specific_request.o
usb_hid_report_descriptor                         default/usb_descriptors.o
                                                  default/usb_specific_request.o
usb_hid_set_idle                                  default/usb_specific_request.o
usb_hid_set_report_feature                        default/usb_specific_request.o
usb_hid_set_report_ouput                          default/usb_specific_request.o
usb_init_device                                   default/usb_drv.o
                                                  default/usb_task.o
                                                  default/usb_device_task.o
usb_process_request                               default/usb_standard_request.o
                                                  default/usb_device_task.o
usb_read_packet                                   default/usb_drv.o
                                                  default/hid_task.o
usb_select_enpoint_interrupt                      default/usb_drv.o
usb_send_packet                                   default/usb_drv.o
                                                  default/hid_task.o
usb_start_device                                  default/usb_device_task.o
usb_suspended                                     default/usb_device_task.o
                                                  default/usb_task.o
usb_task                                          default/usb_task.o
                                                  default/scheduler.o
usb_task_init                                     default/usb_task.o
                                                  default/scheduler.o
usb_user_endpoint_init                            default/usb_specific_request.o
                                                  default/usb_standard_request.o
usb_user_get_descriptor                           default/usb_specific_request.o
                                                  default/usb_standard_request.o
usb_user_interface_get                            default/usb_specific_request.o
                                                  default/usb_standard_request.o
usb_user_interface_reset                          default/usb_specific_request.o
                                                  default/usb_standard_request.o
usb_user_language_id                              default/usb_descriptors.o
                                                  default/usb_specific_request.o
usb_user_manufacturer_string_descriptor           default/usb_descriptors.o
                                                  default/usb_specific_request.o
usb_user_product_string_descriptor                default/usb_descriptors.o
                                                  default/usb_specific_request.o
usb_user_read_request                             default/usb_specific_request.o
                                                  default/usb_standard_request.o
wdtdrv_disable                                    default/wdt_drv.o
                                                  default/main.o
wdtdrv_enable                                     default/wdt_drv.o
                                                  default/start_boot.o
wdtdrv_interrupt_enable                           default/wdt_drv.o
wdtdrv_interrupt_reset_enable                     default/wdt_drv.o
