Archive member included because of file (symbol)

c:/winavr-20100110/bin/../lib/gcc/avr/4.3.3/avr35\libgcc.a(_mulhi3.o)
                              default/lcd_drv.o (__mulhi3)
c:/winavr-20100110/bin/../lib/gcc/avr/4.3.3/avr35\libgcc.a(_mulsi3.o)
                              default/lcd_drv.o (__mulsi3)
c:/winavr-20100110/bin/../lib/gcc/avr/4.3.3/avr35\libgcc.a(_udivmodsi4.o)
                              default/rf_drv.o (__udivmodsi4)
c:/winavr-20100110/bin/../lib/gcc/avr/4.3.3/avr35\libgcc.a(_divmodsi4.o)
                              default/rf_drv.o (__divmodsi4)
c:/winavr-20100110/bin/../lib/gcc/avr/4.3.3/avr35\libgcc.a(_exit.o)
                              c:/winavr-20100110/bin/../lib/gcc/avr/4.3.3/../../../../avr/lib/avr35/crtusb162.o (exit)
c:/winavr-20100110/bin/../lib/gcc/avr/4.3.3/avr35\libgcc.a(_copy_data.o)
                              default/lcd_drv.o (__do_copy_data)
c:/winavr-20100110/bin/../lib/gcc/avr/4.3.3/avr35\libgcc.a(_clear_bss.o)
                              default/rf_drv.o (__do_clear_bss)

Allocating common symbols
Common symbol       size              file

endpoint_status     0x7               default/usb_standard_request.o
buferis             0x40              default/hid_task.o
refPoints           0x32              default/hid_task.o
delay_usb           0x2               default/usb_task.o
usb_configuration_nb
                    0x1               default/usb_standard_request.o
data_to_transfer    0x1               default/usb_standard_request.o
pbuffer             0x2               default/usb_standard_request.o

Discarded input sections

 .data          0x00000000        0x0 c:/winavr-20100110/bin/../lib/gcc/avr/4.3.3/../../../../avr/lib/avr35/crtusb162.o
 .bss           0x00000000        0x0 c:/winavr-20100110/bin/../lib/gcc/avr/4.3.3/../../../../avr/lib/avr35/crtusb162.o
 .text          0x00000000        0x0 default/rf_drv.o
 .data          0x00000000        0x0 default/rf_drv.o
 .bss           0x00000000        0x0 default/rf_drv.o
 .text.SPI_MasterInit
                0x00000000        0x0 default/rf_drv.o
 .text.SPI_MasterTransmit
                0x00000000        0x0 default/rf_drv.o
 .text.rf01_setbandwidth
                0x00000000        0x0 default/rf_drv.o
 .text.rf01_setreceiver
                0x00000000        0x0 default/rf_drv.o
 .text.rf01_setfreq
                0x00000000        0x0 default/rf_drv.o
 .text.rf01_setbaud
                0x00000000        0x0 default/rf_drv.o
 .text          0x00000000        0x0 default/lcd_drv.o
 .data          0x00000000        0x0 default/lcd_drv.o
 .bss           0x00000000        0x0 default/lcd_drv.o
 .text.Init_SPI
                0x00000000        0x0 default/lcd_drv.o
 .text.SPI_Send
                0x00000000        0x0 default/lcd_drv.o
 .text.memfill  0x00000000        0x0 default/lcd_drv.o
 .text.IntToStr
                0x00000000        0x0 default/lcd_drv.o
 .text.SPImod   0x00000000        0x0 default/lcd_drv.o
 .text.lcd_fill
                0x00000000        0x0 default/lcd_drv.o
 .text.lcd_clear
                0x00000000        0x0 default/lcd_drv.o
 .text.lcd_gotoxy
                0x00000000        0x0 default/lcd_drv.o
 .text.write_ram
                0x00000000        0x0 default/lcd_drv.o
 .text.SPI_SendBuff
                0x00000000        0x0 default/lcd_drv.o
 .text.putimg   0x00000000        0x0 default/lcd_drv.o
 .text.lcd_init
                0x00000000        0x0 default/lcd_drv.o
 .text.lcd_ASCII_to_IMG
                0x00000000        0x0 default/lcd_drv.o
 .text.lcd_writeStringXY
                0x00000000        0x0 default/lcd_drv.o
 .text.lcd_WriteInt
                0x00000000        0x0 default/lcd_drv.o
 .text.writestring
                0x00000000        0x0 default/lcd_drv.o
 .text          0x00000000        0x0 default/wdt_drv.o
 .data          0x00000000        0x0 default/wdt_drv.o
 .bss           0x00000000        0x0 default/wdt_drv.o
 .text.wdtdrv_interrupt_enable
                0x00000000        0x0 default/wdt_drv.o
 .text.wdtdrv_interrupt_reset_enable
                0x00000000        0x0 default/wdt_drv.o
 .text          0x00000000        0x0 default/scheduler.o
 .data          0x00000000        0x0 default/scheduler.o
 .bss           0x00000000        0x0 default/scheduler.o
 .text.scheduler_empty_fct
                0x00000000        0x0 default/scheduler.o
 .text          0x00000000        0x0 default/main.o
 .data          0x00000000        0x0 default/main.o
 .bss           0x00000000        0x0 default/main.o
 .text          0x00000000        0x0 default/power_drv.o
 .data          0x00000000        0x0 default/power_drv.o
 .bss           0x00000000        0x0 default/power_drv.o
 .text.set_power_down_mode
                0x00000000        0x0 default/power_drv.o
 .text.set_idle_mode
                0x00000000        0x0 default/power_drv.o
 .text.set_adc_noise_reduction_mode
                0x00000000        0x0 default/power_drv.o
 .text.set_power_save_mode
                0x00000000        0x0 default/power_drv.o
 .text.set_standby_mode
                0x00000000        0x0 default/power_drv.o
 .text.set_ext_standby_mode
                0x00000000        0x0 default/power_drv.o
 .text.Clock_switch_external
                0x00000000        0x0 default/power_drv.o
 .text.Clock_switch_internal
                0x00000000        0x0 default/power_drv.o
 .text          0x00000000        0x0 default/hid_task.o
 .data          0x00000000        0x0 default/hid_task.o
 .text.parity   0x00000000        0x0 default/hid_task.o
 .text.blink_led
                0x00000000        0x0 default/hid_task.o
 .text          0x00000000        0x0 default/start_boot.o
 .bss           0x00000000        0x0 default/start_boot.o
 .text.goto_boot
                0x00000000        0x0 default/start_boot.o
 .text          0x00000000        0x0 default/usb_descriptors.o
 .data          0x00000000        0x0 default/usb_descriptors.o
 .bss           0x00000000        0x0 default/usb_descriptors.o
 .text          0x00000000        0x0 default/usb_device_task.o
 .data          0x00000000        0x0 default/usb_device_task.o
 .text          0x00000000        0x0 default/usb_drv.o
 .data          0x00000000        0x0 default/usb_drv.o
 .bss           0x00000000        0x0 default/usb_drv.o
 .text.usb_select_enpoint_interrupt
                0x00000000        0x0 default/usb_drv.o
 .text.usb_halt_endpoint
                0x00000000        0x0 default/usb_drv.o
 .text          0x00000000        0x0 default/usb_specific_request.o
 .data          0x00000000        0x0 default/usb_specific_request.o
 .text          0x00000000        0x0 default/usb_standard_request.o
 .data          0x00000000        0x0 default/usb_standard_request.o
 .text.usb_generate_remote_wakeup
                0x00000000        0x0 default/usb_standard_request.o
 .text          0x00000000        0x0 default/usb_task.o
 .data          0x00000000        0x0 default/usb_task.o
 .text          0x00000000        0x0 c:/winavr-20100110/bin/../lib/gcc/avr/4.3.3/avr35\libgcc.a(_mulhi3.o)
 .data          0x00000000        0x0 c:/winavr-20100110/bin/../lib/gcc/avr/4.3.3/avr35\libgcc.a(_mulhi3.o)
 .bss           0x00000000        0x0 c:/winavr-20100110/bin/../lib/gcc/avr/4.3.3/avr35\libgcc.a(_mulhi3.o)
 .text          0x00000000        0x0 c:/winavr-20100110/bin/../lib/gcc/avr/4.3.3/avr35\libgcc.a(_mulsi3.o)
 .data          0x00000000        0x0 c:/winavr-20100110/bin/../lib/gcc/avr/4.3.3/avr35\libgcc.a(_mulsi3.o)
 .bss           0x00000000        0x0 c:/winavr-20100110/bin/../lib/gcc/avr/4.3.3/avr35\libgcc.a(_mulsi3.o)
 .text.libgcc   0x00000000        0x0 c:/winavr-20100110/bin/../lib/gcc/avr/4.3.3/avr35\libgcc.a(_mulsi3.o)
 .text          0x00000000        0x0 c:/winavr-20100110/bin/../lib/gcc/avr/4.3.3/avr35\libgcc.a(_udivmodsi4.o)
 .data          0x00000000        0x0 c:/winavr-20100110/bin/../lib/gcc/avr/4.3.3/avr35\libgcc.a(_udivmodsi4.o)
 .bss           0x00000000        0x0 c:/winavr-20100110/bin/../lib/gcc/avr/4.3.3/avr35\libgcc.a(_udivmodsi4.o)
 .text.libgcc   0x00000000        0x0 c:/winavr-20100110/bin/../lib/gcc/avr/4.3.3/avr35\libgcc.a(_udivmodsi4.o)
 .text          0x00000000        0x0 c:/winavr-20100110/bin/../lib/gcc/avr/4.3.3/avr35\libgcc.a(_divmodsi4.o)
 .data          0x00000000        0x0 c:/winavr-20100110/bin/../lib/gcc/avr/4.3.3/avr35\libgcc.a(_divmodsi4.o)
 .bss           0x00000000        0x0 c:/winavr-20100110/bin/../lib/gcc/avr/4.3.3/avr35\libgcc.a(_divmodsi4.o)
 .text.libgcc   0x00000000        0x0 c:/winavr-20100110/bin/../lib/gcc/avr/4.3.3/avr35\libgcc.a(_divmodsi4.o)
 .text          0x00000000        0x0 c:/winavr-20100110/bin/../lib/gcc/avr/4.3.3/avr35\libgcc.a(_exit.o)
 .data          0x00000000        0x0 c:/winavr-20100110/bin/../lib/gcc/avr/4.3.3/avr35\libgcc.a(_exit.o)
 .bss           0x00000000        0x0 c:/winavr-20100110/bin/../lib/gcc/avr/4.3.3/avr35\libgcc.a(_exit.o)
 .text.libgcc   0x00000000        0x0 c:/winavr-20100110/bin/../lib/gcc/avr/4.3.3/avr35\libgcc.a(_exit.o)
 .text          0x00000000        0x0 c:/winavr-20100110/bin/../lib/gcc/avr/4.3.3/avr35\libgcc.a(_copy_data.o)
 .data          0x00000000        0x0 c:/winavr-20100110/bin/../lib/gcc/avr/4.3.3/avr35\libgcc.a(_copy_data.o)
 .bss           0x00000000        0x0 c:/winavr-20100110/bin/../lib/gcc/avr/4.3.3/avr35\libgcc.a(_copy_data.o)
 .text.libgcc   0x00000000        0x0 c:/winavr-20100110/bin/../lib/gcc/avr/4.3.3/avr35\libgcc.a(_copy_data.o)
 .text          0x00000000        0x0 c:/winavr-20100110/bin/../lib/gcc/avr/4.3.3/avr35\libgcc.a(_clear_bss.o)
 .data          0x00000000        0x0 c:/winavr-20100110/bin/../lib/gcc/avr/4.3.3/avr35\libgcc.a(_clear_bss.o)
 .bss           0x00000000        0x0 c:/winavr-20100110/bin/../lib/gcc/avr/4.3.3/avr35\libgcc.a(_clear_bss.o)
 .text.libgcc   0x00000000        0x0 c:/winavr-20100110/bin/../lib/gcc/avr/4.3.3/avr35\libgcc.a(_clear_bss.o)

Memory Configuration

Name             Origin             Length             Attributes
text             0x00000000         0x00020000         xr
data             0x00800060         0x0000ffa0         rw !x
eeprom           0x00810000         0x00010000         rw !x
fuse             0x00820000         0x00000400         rw !x
lock             0x00830000         0x00000400         rw !x
signature        0x00840000         0x00000400         rw !x
*default*        0x00000000         0xffffffff

Linker script and memory map

Address of section .data set to 0x800100
LOAD c:/winavr-20100110/bin/../lib/gcc/avr/4.3.3/../../../../avr/lib/avr35/crtusb162.o
LOAD default/rf_drv.o
LOAD default/lcd_drv.o
LOAD default/wdt_drv.o
LOAD default/scheduler.o
LOAD default/main.o
LOAD default/power_drv.o
LOAD default/hid_task.o
LOAD default/start_boot.o
LOAD default/usb_descriptors.o
LOAD default/usb_device_task.o
LOAD default/usb_drv.o
LOAD default/usb_specific_request.o
LOAD default/usb_standard_request.o
LOAD default/usb_task.o
LOAD c:/winavr-20100110/bin/../lib/gcc/avr/4.3.3/avr35\libgcc.a
LOAD c:/winavr-20100110/bin/../lib/gcc/avr/4.3.3/../../../../avr/lib/avr35\libc.a
LOAD c:/winavr-20100110/bin/../lib/gcc/avr/4.3.3/avr35\libgcc.a

.hash
 *(.hash)

.dynsym
 *(.dynsym)

.dynstr
 *(.dynstr)

.gnu.version
 *(.gnu.version)

.gnu.version_d
 *(.gnu.version_d)

.gnu.version_r
 *(.gnu.version_r)

.rel.init
 *(.rel.init)

.rela.init
 *(.rela.init)

.rel.text
 *(.rel.text)
 *(.rel.text.*)
 *(.rel.gnu.linkonce.t*)

.rela.text
 *(.rela.text)
 *(.rela.text.*)
 *(.rela.gnu.linkonce.t*)

.rel.fini
 *(.rel.fini)

.rela.fini
 *(.rela.fini)

.rel.rodata
 *(.rel.rodata)
 *(.rel.rodata.*)
 *(.rel.gnu.linkonce.r*)

.rela.rodata
 *(.rela.rodata)
 *(.rela.rodata.*)
 *(.rela.gnu.linkonce.r*)

.rel.data
 *(.rel.data)
 *(.rel.data.*)
 *(.rel.gnu.linkonce.d*)

.rela.data
 *(.rela.data)
 *(.rela.data.*)
 *(.rela.gnu.linkonce.d*)

.rel.ctors
 *(.rel.ctors)

.rela.ctors
 *(.rela.ctors)

.rel.dtors
 *(.rel.dtors)

.rela.dtors
 *(.rela.dtors)

.rel.got
 *(.rel.got)

.rela.got
 *(.rela.got)

.rel.bss
 *(.rel.bss)

.rela.bss
 *(.rela.bss)

.rel.plt
 *(.rel.plt)

.rela.plt
 *(.rela.plt)

.text           0x00000000     0x12cc
 *(.vectors)
 .vectors       0x00000000       0x74 c:/winavr-20100110/bin/../lib/gcc/avr/4.3.3/../../../../avr/lib/avr35/crtusb162.o
                0x00000000                __vectors
                0x00000000                __vector_default
 *(.vectors)
 *(.progmem.gcc*)
 *(.progmem*)
 .progmem.data  0x00000074       0xa8 default/usb_descriptors.o
                0x000000e3                usb_user_language_id
                0x00000074                usb_dev_desc
                0x000000bf                usb_user_product_string_descriptor
                0x000000af                usb_user_manufacturer_string_descriptor
                0x000000e7                usb_hid_report_descriptor
                0x00000086                usb_conf_desc
                0x0000011c                . = ALIGN (0x2)
                0x0000011c                __trampolines_start = .
 *(.trampolines)
 .trampolines   0x0000011c        0x0 linker stubs
 *(.trampolines*)
                0x0000011c                __trampolines_end = .
 *(.jumptables)
 *(.jumptables*)
 *(.lowtext)
 *(.lowtext*)
                0x0000011c                __ctors_start = .
 *(.ctors)
                0x0000011c                __ctors_end = .
                0x0000011c                __dtors_start = .
 *(.dtors)
                0x0000011c                __dtors_end = .
 SORT(*)(.ctors)
 SORT(*)(.dtors)
 *(.init0)
 .init0         0x0000011c        0x0 c:/winavr-20100110/bin/../lib/gcc/avr/4.3.3/../../../../avr/lib/avr35/crtusb162.o
                0x0000011c                __init
 *(.init0)
 *(.init1)
 *(.init1)
 *(.init2)
 .init2         0x0000011c        0xc c:/winavr-20100110/bin/../lib/gcc/avr/4.3.3/../../../../avr/lib/avr35/crtusb162.o
 *(.init2)
 *(.init3)
 .init3         0x00000128       0x16 default/main.o
                0x00000128                __low_level_init
 *(.init3)
 *(.init4)
 .init4         0x0000013e       0x16 c:/winavr-20100110/bin/../lib/gcc/avr/4.3.3/avr35\libgcc.a(_copy_data.o)
                0x0000013e                __do_copy_data
 .init4         0x00000154       0x10 c:/winavr-20100110/bin/../lib/gcc/avr/4.3.3/avr35\libgcc.a(_clear_bss.o)
                0x00000154                __do_clear_bss
 *(.init4)
 *(.init5)
 *(.init5)
 *(.init6)
 *(.init6)
 *(.init7)
 *(.init7)
 *(.init8)
 *(.init8)
 *(.init9)
 .init9         0x00000164        0x6 c:/winavr-20100110/bin/../lib/gcc/avr/4.3.3/../../../../avr/lib/avr35/crtusb162.o
 *(.init9)
 *(.text)
 .text          0x0000016a        0x2 c:/winavr-20100110/bin/../lib/gcc/avr/4.3.3/../../../../avr/lib/avr35/crtusb162.o
                0x0000016a                __vector_22
                0x0000016a                __vector_28
                0x0000016a                __vector_1
                0x0000016a                __vector_24
                0x0000016a                __vector_12
                0x0000016a                __bad_interrupt
                0x0000016a                __vector_6
                0x0000016a                __vector_3
                0x0000016a                __vector_23
                0x0000016a                __vector_25
                0x0000016a                __vector_13
                0x0000016a                __vector_17
                0x0000016a                __vector_19
                0x0000016a                __vector_7
                0x0000016a                __vector_27
                0x0000016a                __vector_5
                0x0000016a                __vector_4
                0x0000016a                __vector_9
                0x0000016a                __vector_2
                0x0000016a                __vector_21
                0x0000016a                __vector_15
                0x0000016a                __vector_8
                0x0000016a                __vector_26
                0x0000016a                __vector_14
                0x0000016a                __vector_10
                0x0000016a                __vector_16
                0x0000016a                __vector_18
                0x0000016a                __vector_20
                0x0000016c                . = ALIGN (0x2)
 *(.text.*)
 .text.RF_PORT_int
                0x0000016c        0xa default/rf_drv.o
                0x0000016c                RF_PORT_int
 .text.WriteCMD
                0x00000176       0x42 default/rf_drv.o
                0x00000176                WriteCMD
 .text.RMFM01_readFIFO
                0x000001b8       0xce default/rf_drv.o
                0x000001b8                RMFM01_readFIFO
 .text.RFM01_init
                0x00000286       0x42 default/rf_drv.o
                0x00000286                RFM01_init
 .text.wdtdrv_disable
                0x000002c8       0x20 default/wdt_drv.o
                0x000002c8                wdtdrv_disable
 .text.wdtdrv_enable
                0x000002e8       0x34 default/wdt_drv.o
                0x000002e8                wdtdrv_enable
 .text.scheduler_tasks
                0x0000031c        0x6 default/scheduler.o
                0x0000031c                scheduler_tasks
 .text.scheduler_init
                0x00000322        0x4 default/scheduler.o
                0x00000322                scheduler_init
 .text.scheduler
                0x00000326        0x4 default/scheduler.o
                0x00000326                scheduler
 .text.main     0x0000032a       0x2a default/main.o
                0x0000032a                main
 .text.USB_Send
                0x00000354       0x34 default/hid_task.o
                0x00000354                USB_Send
 .text.test_timeout
                0x00000388       0x92 default/hid_task.o
                0x00000388                test_timeout
 .text.USB_Read
                0x0000041a       0x96 default/hid_task.o
                0x0000041a                USB_Read
 .text.UI_task  0x000004b0      0x10e default/hid_task.o
                0x000004b0                UI_task
 .text.hid_task
                0x000005be       0x54 default/hid_task.o
                0x000005be                hid_task
 .text.hid_task_init
                0x00000612       0x3e default/hid_task.o
                0x00000612                hid_task_init
 .text.start_boot_if_required
                0x00000650       0x36 default/start_boot.o
                0x00000650                start_boot_if_required
 .text.start_boot
                0x00000686       0x1e default/start_boot.o
                0x00000686                start_boot
 .text.usb_device_task_init
                0x000006a4       0x12 default/usb_device_task.o
                0x000006a4                usb_device_task_init
 .text.usb_start_device
                0x000006b6       0x4c default/usb_device_task.o
                0x000006b6                usb_start_device
 .text.usb_device_task
                0x00000702       0x4c default/usb_device_task.o
                0x00000702                usb_device_task
 .text.usb_config_ep
                0x0000074e       0x30 default/usb_drv.o
                0x0000074e                usb_config_ep
 .text.usb_send_packet
                0x0000077e       0x20 default/usb_drv.o
                0x0000077e                usb_send_packet
 .text.usb_read_packet
                0x0000079e       0x20 default/usb_drv.o
                0x0000079e                usb_read_packet
 .text.usb_init_device
                0x000007be       0x1a default/usb_drv.o
                0x000007be                usb_init_device
 .text.usb_user_interface_get
                0x000007d8        0x4 default/usb_specific_request.o
                0x000007d8                usb_user_interface_get
 .text.usb_user_interface_reset
                0x000007dc       0x4c default/usb_specific_request.o
                0x000007dc                usb_user_interface_reset
 .text.usb_user_get_descriptor
                0x00000828       0x44 default/usb_specific_request.o
                0x00000828                usb_user_get_descriptor
 .text.hid_get_report_descriptor
                0x0000086c       0xdc default/usb_specific_request.o
                0x0000086c                hid_get_report_descriptor
 .text.usb_hid_set_report_ouput
                0x00000948       0x3c default/usb_specific_request.o
                0x00000948                usb_hid_set_report_ouput
 .text.usb_hid_set_idle
                0x00000984       0x40 default/usb_specific_request.o
                0x00000984                usb_hid_set_idle
 .text.usb_hid_get_idle
                0x000009c4       0x72 default/usb_specific_request.o
                0x000009c4                usb_hid_get_idle
 .text.usb_hid_set_report_feature
                0x00000a36       0x6a default/usb_specific_request.o
                0x00000a36                usb_hid_set_report_feature
 .text.hid_get_hid_descriptor
                0x00000aa0       0xdc default/usb_specific_request.o
                0x00000aa0                hid_get_hid_descriptor
 .text.usb_user_read_request
                0x00000b7c       0x5e default/usb_specific_request.o
                0x00000b7c                usb_user_read_request
 .text.usb_user_endpoint_init
                0x00000bda       0x26 default/usb_specific_request.o
                0x00000bda                usb_user_endpoint_init
 .text.usb_process_request
                0x00000c00      0x45c default/usb_standard_request.o
                0x00000c00                usb_process_request
 .text.usb_delay_ms
                0x0000105c       0x36 default/usb_task.o
                0x0000105c                usb_delay_ms
 .text.__vector_11
                0x00001092      0x20a default/usb_task.o
                0x00001092                __vector_11
 .text.usb_task
                0x0000129c        0x4 default/usb_task.o
                0x0000129c                usb_task
 .text.usb_task_init
                0x000012a0        0x4 default/usb_task.o
                0x000012a0                usb_task_init
 .text.libgcc   0x000012a4       0x24 c:/winavr-20100110/bin/../lib/gcc/avr/4.3.3/avr35\libgcc.a(_mulhi3.o)
                0x000012a4                __mulhi3
                0x000012c8                . = ALIGN (0x2)
 *(.fini9)
 .fini9         0x000012c8        0x0 c:/winavr-20100110/bin/../lib/gcc/avr/4.3.3/avr35\libgcc.a(_exit.o)
                0x000012c8                exit
                0x000012c8                _exit
 *(.fini9)
 *(.fini8)
 *(.fini8)
 *(.fini7)
 *(.fini7)
 *(.fini6)
 *(.fini6)
 *(.fini5)
 *(.fini5)
 *(.fini4)
 *(.fini4)
 *(.fini3)
 *(.fini3)
 *(.fini2)
 *(.fini2)
 *(.fini1)
 *(.fini1)
 *(.fini0)
 .fini0         0x000012c8        0x4 c:/winavr-20100110/bin/../lib/gcc/avr/4.3.3/avr35\libgcc.a(_exit.o)
 *(.fini0)
                0x000012cc                _etext = .

.data           0x00800100        0x2 load address 0x000012cc
                0x00800100                PROVIDE (__data_start, .)
 *(.data)
 .data          0x00800100        0x2 default/start_boot.o
                0x00800100                start_bootloader
 *(.data*)
 *(.rodata)
 *(.rodata*)
 *(.gnu.linkonce.d*)
                0x00800102                . = ALIGN (0x2)
                0x00800102                _edata = .
                0x00800102                PROVIDE (__data_end, .)

.bss            0x00800102       0x8b
                0x00800102                PROVIDE (__bss_start, .)
 *(.bss)
 .bss           0x00800102        0x4 default/hid_task.o
                0x00800102                ref_number
                0x00800103                cpt_sof
 .bss           0x00800106        0x2 default/usb_device_task.o
                0x00800107                usb_suspended
                0x00800106                usb_connected
 .bss           0x00800108        0x2 default/usb_specific_request.o
                0x00800108                jump_bootloader
                0x00800109                g_u8_report_rate
 .bss           0x0080010a        0x2 default/usb_standard_request.o
                0x0080010b                device_status
                0x0080010a                remote_wakeup_feature
 .bss           0x0080010c        0x2 default/usb_task.o
                0x0080010c                g_usb_event
 *(.bss*)
 *(COMMON)
 COMMON         0x0080010e       0x72 default/hid_task.o
                0x0080010e                buferis
                0x0080014e                refPoints
 COMMON         0x00800180        0xb default/usb_standard_request.o
                0x00800180                endpoint_status
                0x00800187                usb_configuration_nb
                0x00800188                data_to_transfer
                0x00800189                pbuffer
 COMMON         0x0080018b        0x2 default/usb_task.o
                0x0080018b                delay_usb
                0x0080018d                PROVIDE (__bss_end, .)
                0x000012cc                __data_load_start = LOADADDR (.data)
                0x000012ce                __data_load_end = (__data_load_start + SIZEOF (.data))

.noinit         0x0080018d        0x4
                0x0080018d                PROVIDE (__noinit_start, .)
 *(.noinit*)
 .noinit        0x0080018d        0x4 default/start_boot.o
                0x0080018d                boot_key
                0x00800191                PROVIDE (__noinit_end, .)
                0x00800191                _end = .
                0x00800191                PROVIDE (__heap_start, .)

.eeprom         0x00810000        0x0
 *(.eeprom*)
                0x00810000                __eeprom_end = .

.fuse
 *(.fuse)
 *(.lfuse)
 *(.hfuse)
 *(.efuse)

.lock
 *(.lock*)

.signature
 *(.signature*)

.stab
 *(.stab)

.stabstr
 *(.stabstr)

.stab.excl
 *(.stab.excl)

.stab.exclstr
 *(.stab.exclstr)

.stab.index
 *(.stab.index)

.stab.indexstr
 *(.stab.indexstr)

.comment
 *(.comment)

.debug
 *(.debug)

.line
 *(.line)

.debug_srcinfo
 *(.debug_srcinfo)

.debug_sfnames
 *(.debug_sfnames)

.debug_aranges  0x00000000      0x3c0
 *(.debug_aranges)
 .debug_aranges
                0x00000000       0x68 default/rf_drv.o
 .debug_aranges
                0x00000068       0x98 default/lcd_drv.o
 .debug_aranges
                0x00000100       0x38 default/wdt_drv.o
 .debug_aranges
                0x00000138       0x38 default/scheduler.o
 .debug_aranges
                0x00000170       0x28 default/main.o
 .debug_aranges
                0x00000198       0x58 default/power_drv.o
 .debug_aranges
                0x000001f0       0x58 default/hid_task.o
 .debug_aranges
                0x00000248       0x30 default/start_boot.o
 .debug_aranges
                0x00000278       0x30 default/usb_device_task.o
 .debug_aranges
                0x000002a8       0x48 default/usb_drv.o
 .debug_aranges
                0x000002f0       0x70 default/usb_specific_request.o
 .debug_aranges
                0x00000360       0x28 default/usb_standard_request.o
 .debug_aranges
                0x00000388       0x38 default/usb_task.o

.debug_pubnames
                0x00000000      0x927
 *(.debug_pubnames)
 .debug_pubnames
                0x00000000       0xc9 default/rf_drv.o
 .debug_pubnames
                0x000000c9       0xfd default/lcd_drv.o
 .debug_pubnames
                0x000001c6       0x75 default/wdt_drv.o
 .debug_pubnames
                0x0000023b       0x5f default/scheduler.o
 .debug_pubnames
                0x0000029a       0x30 default/main.o
 .debug_pubnames
                0x000002ca       0xd7 default/power_drv.o
 .debug_pubnames
                0x000003a1       0xb6 default/hid_task.o
 .debug_pubnames
                0x00000457       0x6c default/start_boot.o
 .debug_pubnames
                0x000004c3       0xbf default/usb_descriptors.o
 .debug_pubnames
                0x00000582       0x78 default/usb_device_task.o
 .debug_pubnames
                0x000005fa       0x97 default/usb_drv.o
 .debug_pubnames
                0x00000691      0x163 default/usb_specific_request.o
 .debug_pubnames
                0x000007f4       0xc3 default/usb_standard_request.o
 .debug_pubnames
                0x000008b7       0x70 default/usb_task.o

.debug_info     0x00000000     0x2bd7
 *(.debug_info)
 .debug_info    0x00000000      0x324 default/rf_drv.o
 .debug_info    0x00000324      0x5bb default/lcd_drv.o
 .debug_info    0x000008df      0x14a default/wdt_drv.o
 .debug_info    0x00000a29       0xdd default/scheduler.o
 .debug_info    0x00000b06       0xf2 default/main.o
 .debug_info    0x00000bf8      0x127 default/power_drv.o
 .debug_info    0x00000d1f      0x3bd default/hid_task.o
 .debug_info    0x000010dc       0xfa default/start_boot.o
 .debug_info    0x000011d6      0x566 default/usb_descriptors.o
 .debug_info    0x0000173c      0x11b default/usb_device_task.o
 .debug_info    0x00001857      0x1f7 default/usb_drv.o
 .debug_info    0x00001a4e      0x798 default/usb_specific_request.o
 .debug_info    0x000021e6      0x8ba default/usb_standard_request.o
 .debug_info    0x00002aa0      0x137 default/usb_task.o
 *(.gnu.linkonce.wi.*)

.debug_abbrev   0x00000000      0xda7
 *(.debug_abbrev)
 .debug_abbrev  0x00000000      0x13c default/rf_drv.o
 .debug_abbrev  0x0000013c      0x1db default/lcd_drv.o
 .debug_abbrev  0x00000317       0x8a default/wdt_drv.o
 .debug_abbrev  0x000003a1       0x68 default/scheduler.o
 .debug_abbrev  0x00000409       0x88 default/main.o
 .debug_abbrev  0x00000491       0x4a default/power_drv.o
 .debug_abbrev  0x000004db      0x1b9 default/hid_task.o
 .debug_abbrev  0x00000694       0x78 default/start_boot.o
 .debug_abbrev  0x0000070c       0xcb default/usb_descriptors.o
 .debug_abbrev  0x000007d7       0x80 default/usb_device_task.o
 .debug_abbrev  0x00000857       0xce default/usb_drv.o
 .debug_abbrev  0x00000925      0x1da default/usb_specific_request.o
 .debug_abbrev  0x00000aff      0x202 default/usb_standard_request.o
 .debug_abbrev  0x00000d01       0xa6 default/usb_task.o

.debug_line     0x00000000     0x2556
 *(.debug_line)
 .debug_line    0x00000000      0x32e default/rf_drv.o
 .debug_line    0x0000032e      0x562 default/lcd_drv.o
 .debug_line    0x00000890      0x163 default/wdt_drv.o
 .debug_line    0x000009f3       0xf8 default/scheduler.o
 .debug_line    0x00000aeb       0xe8 default/main.o
 .debug_line    0x00000bd3      0x1d4 default/power_drv.o
 .debug_line    0x00000da7      0x44a default/hid_task.o
 .debug_line    0x000011f1       0xf6 default/start_boot.o
 .debug_line    0x000012e7       0xb2 default/usb_descriptors.o
 .debug_line    0x00001399      0x1ba default/usb_device_task.o
 .debug_line    0x00001553      0x1d7 default/usb_drv.o
 .debug_line    0x0000172a      0x59a default/usb_specific_request.o
 .debug_line    0x00001cc4      0x5e3 default/usb_standard_request.o
 .debug_line    0x000022a7      0x2af default/usb_task.o

.debug_frame    0x00000000      0x5e0
 *(.debug_frame)
 .debug_frame   0x00000000       0xb0 default/rf_drv.o
 .debug_frame   0x000000b0      0x110 default/lcd_drv.o
 .debug_frame   0x000001c0       0x50 default/wdt_drv.o
 .debug_frame   0x00000210       0x50 default/scheduler.o
 .debug_frame   0x00000260       0x30 default/main.o
 .debug_frame   0x00000290       0x90 default/power_drv.o
 .debug_frame   0x00000320       0x90 default/hid_task.o
 .debug_frame   0x000003b0       0x40 default/start_boot.o
 .debug_frame   0x000003f0       0x40 default/usb_device_task.o
 .debug_frame   0x00000430       0x70 default/usb_drv.o
 .debug_frame   0x000004a0       0xc0 default/usb_specific_request.o
 .debug_frame   0x00000560       0x30 default/usb_standard_request.o
 .debug_frame   0x00000590       0x50 default/usb_task.o

.debug_str      0x00000000      0xeb0
 *(.debug_str)
 .debug_str     0x00000000      0x170 default/rf_drv.o
                                0x1c8 (size before relaxing)
 .debug_str     0x00000170      0x129 default/lcd_drv.o
                                0x220 (size before relaxing)
 .debug_str     0x00000299       0x8b default/wdt_drv.o
                                0x187 (size before relaxing)
 .debug_str     0x00000324       0x64 default/scheduler.o
                                0x168 (size before relaxing)
 .debug_str     0x00000388       0x20 default/main.o
                                0x12c (size before relaxing)
 .debug_str     0x000003a8       0xc8 default/power_drv.o
                                0x1cc (size before relaxing)
 .debug_str     0x00000470       0xee default/hid_task.o
                                0x211 (size before relaxing)
 .debug_str     0x0000055e       0x69 default/start_boot.o
                                0x16d (size before relaxing)
 .debug_str     0x000005c7      0x3b4 default/usb_descriptors.o
                                0x4d2 (size before relaxing)
 .debug_str     0x0000097b       0x92 default/usb_device_task.o
                                0x1ab (size before relaxing)
 .debug_str     0x00000a0d       0xda default/usb_drv.o
                                0x1de (size before relaxing)
 .debug_str     0x00000ae7      0x1c0 default/usb_specific_request.o
                                0x5f9 (size before relaxing)
 .debug_str     0x00000ca7      0x1af default/usb_standard_request.o
                                0x5f9 (size before relaxing)
 .debug_str     0x00000e56       0x5a default/usb_task.o
                                0x178 (size before relaxing)

.debug_loc      0x00000000     0x1055
 *(.debug_loc)
 .debug_loc     0x00000000      0x1a0 default/rf_drv.o
 .debug_loc     0x000001a0      0x527 default/lcd_drv.o
 .debug_loc     0x000006c7       0x5a default/wdt_drv.o
 .debug_loc     0x00000721      0x199 default/hid_task.o
 .debug_loc     0x000008ba      0x101 default/usb_drv.o
 .debug_loc     0x000009bb      0x257 default/usb_specific_request.o
 .debug_loc     0x00000c12      0x425 default/usb_standard_request.o
 .debug_loc     0x00001037       0x1e default/usb_task.o

.debug_macinfo
 *(.debug_macinfo)
OUTPUT(STK526-series2-hidio.elf elf32-avr)
LOAD linker stubs

.debug_ranges   0x00000000      0x388
 .debug_ranges  0x00000000       0x60 default/rf_drv.o
 .debug_ranges  0x00000060       0x90 default/lcd_drv.o
 .debug_ranges  0x000000f0       0x30 default/wdt_drv.o
 .debug_ranges  0x00000120       0x30 default/scheduler.o
 .debug_ranges  0x00000150       0x20 default/main.o
 .debug_ranges  0x00000170       0x50 default/power_drv.o
 .debug_ranges  0x000001c0       0x50 default/hid_task.o
 .debug_ranges  0x00000210       0x28 default/start_boot.o
 .debug_ranges  0x00000238       0x28 default/usb_device_task.o
 .debug_ranges  0x00000260       0x40 default/usb_drv.o
 .debug_ranges  0x000002a0       0x68 default/usb_specific_request.o
 .debug_ranges  0x00000308       0x50 default/usb_standard_request.o
 .debug_ranges  0x00000358       0x30 default/usb_task.o

Cross Reference Table

Symbol                                            File
Clock_switch_external                             default/power_drv.o
Clock_switch_internal                             default/power_drv.o
Init_SPI                                          default/lcd_drv.o
IntToStr                                          default/lcd_drv.o
RFM01_init                                        default/rf_drv.o
                                                  default/hid_task.o
RF_PORT_int                                       default/rf_drv.o
                                                  default/hid_task.o
RMFM01_readFIFO                                   default/rf_drv.o
                                                  default/hid_task.o
SPI_MasterInit                                    default/rf_drv.o
SPI_MasterTransmit                                default/rf_drv.o
SPI_Send                                          default/lcd_drv.o
SPI_SendBuff                                      default/lcd_drv.o
SPImod                                            default/lcd_drv.o
UI_task                                           default/hid_task.o
USB_Read                                          default/hid_task.o
USB_Send                                          default/hid_task.o
WriteCMD                                          default/rf_drv.o
                                                  default/hid_task.o
__bad_interrupt                                   c:/winavr-20100110/bin/../lib/gcc/avr/4.3.3/../../../../avr/lib/avr35/crtusb162.o
__bss_end                                         c:/winavr-20100110/bin/../lib/gcc/avr/4.3.3/avr35\libgcc.a(_clear_bss.o)
__bss_start                                       c:/winavr-20100110/bin/../lib/gcc/avr/4.3.3/avr35\libgcc.a(_clear_bss.o)
__data_end                                        c:/winavr-20100110/bin/../lib/gcc/avr/4.3.3/avr35\libgcc.a(_copy_data.o)
__data_load_start                                 c:/winavr-20100110/bin/../lib/gcc/avr/4.3.3/avr35\libgcc.a(_copy_data.o)
__data_start                                      c:/winavr-20100110/bin/../lib/gcc/avr/4.3.3/avr35\libgcc.a(_copy_data.o)
__divmodsi4                                       c:/winavr-20100110/bin/../lib/gcc/avr/4.3.3/avr35\libgcc.a(_divmodsi4.o)
                                                  default/rf_drv.o
__do_clear_bss                                    c:/winavr-20100110/bin/../lib/gcc/avr/4.3.3/avr35\libgcc.a(_clear_bss.o)
                                                  default/usb_task.o
                                                  default/usb_standard_request.o
                                                  default/usb_specific_request.o
                                                  default/usb_device_task.o
                                                  default/hid_task.o
                                                  default/rf_drv.o
__do_copy_data                                    c:/winavr-20100110/bin/../lib/gcc/avr/4.3.3/avr35\libgcc.a(_copy_data.o)
                                                  default/start_boot.o
                                                  default/lcd_drv.o
__heap_end                                        c:/winavr-20100110/bin/../lib/gcc/avr/4.3.3/../../../../avr/lib/avr35/crtusb162.o
__init                                            c:/winavr-20100110/bin/../lib/gcc/avr/4.3.3/../../../../avr/lib/avr35/crtusb162.o
__low_level_init                                  default/main.o
__mulhi3                                          c:/winavr-20100110/bin/../lib/gcc/avr/4.3.3/avr35\libgcc.a(_mulhi3.o)
                                                  default/hid_task.o
                                                  default/lcd_drv.o
__mulsi3                                          c:/winavr-20100110/bin/../lib/gcc/avr/4.3.3/avr35\libgcc.a(_mulsi3.o)
                                                  default/lcd_drv.o
__stack                                           c:/winavr-20100110/bin/../lib/gcc/avr/4.3.3/../../../../avr/lib/avr35/crtusb162.o
__udivmodsi4                                      c:/winavr-20100110/bin/../lib/gcc/avr/4.3.3/avr35\libgcc.a(_udivmodsi4.o)
                                                  c:/winavr-20100110/bin/../lib/gcc/avr/4.3.3/avr35\libgcc.a(_divmodsi4.o)
                                                  default/lcd_drv.o
                                                  default/rf_drv.o
__vector_1                                        c:/winavr-20100110/bin/../lib/gcc/avr/4.3.3/../../../../avr/lib/avr35/crtusb162.o
__vector_10                                       c:/winavr-20100110/bin/../lib/gcc/avr/4.3.3/../../../../avr/lib/avr35/crtusb162.o
__vector_11                                       default/usb_task.o
                                                  c:/winavr-20100110/bin/../lib/gcc/avr/4.3.3/../../../../avr/lib/avr35/crtusb162.o
__vector_12                                       c:/winavr-20100110/bin/../lib/gcc/avr/4.3.3/../../../../avr/lib/avr35/crtusb162.o
__vector_13                                       c:/winavr-20100110/bin/../lib/gcc/avr/4.3.3/../../../../avr/lib/avr35/crtusb162.o
__vector_14                                       c:/winavr-20100110/bin/../lib/gcc/avr/4.3.3/../../../../avr/lib/avr35/crtusb162.o
__vector_15                                       c:/winavr-20100110/bin/../lib/gcc/avr/4.3.3/../../../../avr/lib/avr35/crtusb162.o
__vector_16                                       c:/winavr-20100110/bin/../lib/gcc/avr/4.3.3/../../../../avr/lib/avr35/crtusb162.o
__vector_17                                       c:/winavr-20100110/bin/../lib/gcc/avr/4.3.3/../../../../avr/lib/avr35/crtusb162.o
__vector_18                                       c:/winavr-20100110/bin/../lib/gcc/avr/4.3.3/../../../../avr/lib/avr35/crtusb162.o
__vector_19                                       c:/winavr-20100110/bin/../lib/gcc/avr/4.3.3/../../../../avr/lib/avr35/crtusb162.o
__vector_2                                        c:/winavr-20100110/bin/../lib/gcc/avr/4.3.3/../../../../avr/lib/avr35/crtusb162.o
__vector_20                                       c:/winavr-20100110/bin/../lib/gcc/avr/4.3.3/../../../../avr/lib/avr35/crtusb162.o
__vector_21                                       c:/winavr-20100110/bin/../lib/gcc/avr/4.3.3/../../../../avr/lib/avr35/crtusb162.o
__vector_22                                       c:/winavr-20100110/bin/../lib/gcc/avr/4.3.3/../../../../avr/lib/avr35/crtusb162.o
__vector_23                                       c:/winavr-20100110/bin/../lib/gcc/avr/4.3.3/../../../../avr/lib/avr35/crtusb162.o
__vector_24                                       c:/winavr-20100110/bin/../lib/gcc/avr/4.3.3/../../../../avr/lib/avr35/crtusb162.o
__vector_25                                       c:/winavr-20100110/bin/../lib/gcc/avr/4.3.3/../../../../avr/lib/avr35/crtusb162.o
__vector_26                                       c:/winavr-20100110/bin/../lib/gcc/avr/4.3.3/../../../../avr/lib/avr35/crtusb162.o
__vector_27                                       c:/winavr-20100110/bin/../lib/gcc/avr/4.3.3/../../../../avr/lib/avr35/crtusb162.o
__vector_28                                       c:/winavr-20100110/bin/../lib/gcc/avr/4.3.3/../../../../avr/lib/avr35/crtusb162.o
__vector_3                                        c:/winavr-20100110/bin/../lib/gcc/avr/4.3.3/../../../../avr/lib/avr35/crtusb162.o
__vector_4                                        c:/winavr-20100110/bin/../lib/gcc/avr/4.3.3/../../../../avr/lib/avr35/crtusb162.o
__vector_5                                        c:/winavr-20100110/bin/../lib/gcc/avr/4.3.3/../../../../avr/lib/avr35/crtusb162.o
__vector_6                                        c:/winavr-20100110/bin/../lib/gcc/avr/4.3.3/../../../../avr/lib/avr35/crtusb162.o
__vector_7                                        c:/winavr-20100110/bin/../lib/gcc/avr/4.3.3/../../../../avr/lib/avr35/crtusb162.o
__vector_8                                        c:/winavr-20100110/bin/../lib/gcc/avr/4.3.3/../../../../avr/lib/avr35/crtusb162.o
__vector_9                                        c:/winavr-20100110/bin/../lib/gcc/avr/4.3.3/../../../../avr/lib/avr35/crtusb162.o
__vector_default                                  c:/winavr-20100110/bin/../lib/gcc/avr/4.3.3/../../../../avr/lib/avr35/crtusb162.o
__vectors                                         c:/winavr-20100110/bin/../lib/gcc/avr/4.3.3/../../../../avr/lib/avr35/crtusb162.o
_exit                                             c:/winavr-20100110/bin/../lib/gcc/avr/4.3.3/avr35\libgcc.a(_exit.o)
blink_led                                         default/hid_task.o
boot_key                                          default/start_boot.o
buferis                                           default/hid_task.o
cpt_sof                                           default/hid_task.o
data_to_transfer                                  default/usb_standard_request.o
                                                  default/usb_specific_request.o
delay_usb                                         default/usb_task.o
device_status                                     default/usb_standard_request.o
endpoint_status                                   default/usb_standard_request.o
exit                                              c:/winavr-20100110/bin/../lib/gcc/avr/4.3.3/avr35\libgcc.a(_exit.o)
                                                  c:/winavr-20100110/bin/../lib/gcc/avr/4.3.3/../../../../avr/lib/avr35/crtusb162.o
g_u8_report_rate                                  default/usb_specific_request.o
g_usb_event                                       default/usb_task.o
                                                  default/usb_device_task.o
goto_boot                                         default/start_boot.o
hid_get_hid_descriptor                            default/usb_specific_request.o
hid_get_report_descriptor                         default/usb_specific_request.o
hid_task                                          default/hid_task.o
                                                  default/scheduler.o
hid_task_init                                     default/hid_task.o
                                                  default/scheduler.o
jump_bootloader                                   default/usb_specific_request.o
                                                  default/hid_task.o
lcd_ASCII_to_IMG                                  default/lcd_drv.o
lcd_WriteInt                                      default/lcd_drv.o
lcd_clear                                         default/lcd_drv.o
lcd_fill                                          default/lcd_drv.o
lcd_gotoxy                                        default/lcd_drv.o
lcd_init                                          default/lcd_drv.o
lcd_writeStringXY                                 default/lcd_drv.o
main                                              default/main.o
                                                  c:/winavr-20100110/bin/../lib/gcc/avr/4.3.3/../../../../avr/lib/avr35/crtusb162.o
memfill                                           default/lcd_drv.o
parity                                            default/hid_task.o
pbuffer                                           default/usb_standard_request.o
                                                  default/usb_specific_request.o
putimg                                            default/lcd_drv.o
refPoints                                         default/hid_task.o
ref_number                                        default/hid_task.o
remote_wakeup_feature                             default/usb_standard_request.o
rf01_setbandwidth                                 default/rf_drv.o
rf01_setbaud                                      default/rf_drv.o
rf01_setfreq                                      default/rf_drv.o
rf01_setreceiver                                  default/rf_drv.o
scheduler                                         default/scheduler.o
                                                  default/main.o
scheduler_empty_fct                               default/scheduler.o
scheduler_init                                    default/scheduler.o
scheduler_tasks                                   default/scheduler.o
set_adc_noise_reduction_mode                      default/power_drv.o
set_ext_standby_mode                              default/power_drv.o
set_idle_mode                                     default/power_drv.o
set_power_down_mode                               default/power_drv.o
set_power_save_mode                               default/power_drv.o
set_standby_mode                                  default/power_drv.o
start_boot                                        default/start_boot.o
                                                  default/hid_task.o
start_boot_if_required                            default/start_boot.o
                                                  default/main.o
start_bootloader                                  default/start_boot.o
test_timeout                                      default/hid_task.o
usb_conf_desc                                     default/usb_descriptors.o
                                                  default/usb_standard_request.o
                                                  default/usb_specific_request.o
usb_config_ep                                     default/usb_drv.o
                                                  default/usb_specific_request.o
usb_configuration_nb                              default/usb_standard_request.o
                                                  default/usb_device_task.o
                                                  default/hid_task.o
usb_connected                                     default/usb_device_task.o
usb_delay_ms                                      default/usb_task.o
usb_dev_desc                                      default/usb_descriptors.o
                                                  default/usb_standard_request.o
usb_device_task                                   default/usb_device_task.o
                                                  default/usb_task.o
usb_device_task_init                              default/usb_device_task.o
                                                  default/usb_task.o
usb_generate_remote_wakeup                        default/usb_standard_request.o
usb_halt_endpoint                                 default/usb_drv.o
usb_hid_get_idle                                  default/usb_specific_request.o
usb_hid_report_descriptor                         default/usb_descriptors.o
                                                  default/usb_specific_request.o
usb_hid_set_idle                                  default/usb_specific_request.o
usb_hid_set_report_feature                        default/usb_specific_request.o
usb_hid_set_report_ouput                          default/usb_specific_request.o
usb_init_device                                   default/usb_drv.o
                                                  default/usb_task.o
                                                  default/usb_device_task.o
usb_process_request                               default/usb_standard_request.o
                                                  default/usb_device_task.o
usb_read_packet                                   default/usb_drv.o
                                                  default/hid_task.o
usb_select_enpoint_interrupt                      default/usb_drv.o
usb_send_packet                                   default/usb_drv.o
                                                  default/hid_task.o
usb_start_device                                  default/usb_device_task.o
usb_suspended                                     default/usb_device_task.o
                                                  default/usb_task.o
usb_task                                          default/usb_task.o
                                                  default/scheduler.o
usb_task_init                                     default/usb_task.o
                                                  default/scheduler.o
usb_user_endpoint_init                            default/usb_specific_request.o
                                                  default/usb_standard_request.o
usb_user_get_descriptor                           default/usb_specific_request.o
                                                  default/usb_standard_request.o
usb_user_interface_get                            default/usb_specific_request.o
                                                  default/usb_standard_request.o
usb_user_interface_reset                          default/usb_specific_request.o
                                                  default/usb_standard_request.o
usb_user_language_id                              default/usb_descriptors.o
                                                  default/usb_specific_request.o
usb_user_manufacturer_string_descriptor           default/usb_descriptors.o
                                                  default/usb_specific_request.o
usb_user_product_string_descriptor                default/usb_descriptors.o
                                                  default/usb_specific_request.o
usb_user_read_request                             default/usb_specific_request.o
                                                  default/usb_standard_request.o
wdtdrv_disable                                    default/wdt_drv.o
                                                  default/main.o
wdtdrv_enable                                     default/wdt_drv.o
                                                  default/start_boot.o
wdtdrv_interrupt_enable                           default/wdt_drv.o
wdtdrv_interrupt_reset_enable                     default/wdt_drv.o
write_ram                                         default/lcd_drv.o
writestring                                       default/lcd_drv.o
